Component: ARM Compiler 5.05 update 1 (build 106) Tool: armlink [4d0efa]

==============================================================================

Section Cross References

    main.o(.text) refers to misc.o(.text) for NVIC_PriorityGroupConfig
    main.o(.text) refers to delay.o(.text) for delay_init
    main.o(.text) refers to lcd.o(.text) for LCD_Init
    main.o(.text) refers to base_1.o(.text) for gui_init
    main.o(.text) refers to key.o(.text) for KEY_Init
    main.o(.text) refers to exti.o(.text) for EXTIX_Init
    main.o(.text) refers to timer.o(.text) for TIM3_Init
    main.o(.text) refers to clock.o(.text) for Clock_Init
    system_stm32f10x.o(.text) refers to system_stm32f10x.o(.data) for SystemCoreClock
    startup_stm32f10x_hd.o(STACK) refers (Special) to heapauxi.o(.text) for __use_two_region_memory
    startup_stm32f10x_hd.o(HEAP) refers (Special) to heapauxi.o(.text) for __use_two_region_memory
    startup_stm32f10x_hd.o(RESET) refers (Special) to heapauxi.o(.text) for __use_two_region_memory
    startup_stm32f10x_hd.o(RESET) refers to startup_stm32f10x_hd.o(STACK) for __initial_sp
    startup_stm32f10x_hd.o(RESET) refers to startup_stm32f10x_hd.o(.text) for Reset_Handler
    startup_stm32f10x_hd.o(RESET) refers to stm32f10x_it.o(.text) for NMI_Handler
    startup_stm32f10x_hd.o(RESET) refers to exti.o(.text) for EXTI0_IRQHandler
    startup_stm32f10x_hd.o(RESET) refers to timer.o(.text) for TIM3_IRQHandler
    startup_stm32f10x_hd.o(RESET) refers to usart.o(.text) for USART1_IRQHandler
    startup_stm32f10x_hd.o(.text) refers (Special) to heapauxi.o(.text) for __use_two_region_memory
    startup_stm32f10x_hd.o(.text) refers to system_stm32f10x.o(.text) for SystemInit
    startup_stm32f10x_hd.o(.text) refers to __main.o(!!!main) for __main
    startup_stm32f10x_hd.o(.text) refers to startup_stm32f10x_hd.o(HEAP) for Heap_Mem
    startup_stm32f10x_hd.o(.text) refers to startup_stm32f10x_hd.o(STACK) for Stack_Mem
    stm32f10x_gpio.o(.text) refers to stm32f10x_rcc.o(.text) for RCC_APB2PeriphResetCmd
    stm32f10x_i2c.o(.text) refers to stm32f10x_rcc.o(.text) for RCC_APB1PeriphResetCmd
    stm32f10x_tim.o(.text) refers to stm32f10x_rcc.o(.text) for RCC_APB2PeriphResetCmd
    stm32f10x_rcc.o(.text) refers to stm32f10x_rcc.o(.data) for APBAHBPrescTable
    stm32f10x_usart.o(.text) refers to stm32f10x_rcc.o(.text) for RCC_APB2PeriphResetCmd
    delay.o(.text) refers to misc.o(.text) for SysTick_CLKSourceConfig
    delay.o(.text) refers to system_stm32f10x.o(.data) for SystemCoreClock
    delay.o(.text) refers to delay.o(.data) for fac_us
    usart.o(.text) refers (Special) to use_no_semi_2.o(.text) for __use_no_semihosting
    usart.o(.text) refers to stm32f10x_rcc.o(.text) for RCC_APB2PeriphClockCmd
    usart.o(.text) refers to stm32f10x_gpio.o(.text) for GPIO_Init
    usart.o(.text) refers to misc.o(.text) for NVIC_Init
    usart.o(.text) refers to stm32f10x_usart.o(.text) for USART_Init
    usart.o(.text) refers to usart.o(.data) for USART_RX_STA
    usart.o(.text) refers to usart.o(.bss) for USART_RX_BUF
    usart.o(.bss) refers (Special) to use_no_semi_2.o(.text) for __use_no_semihosting
    usart.o(.data) refers (Special) to use_no_semi_2.o(.text) for __use_no_semihosting
    clock.o(.text) refers to lcd.o(.text) for LCD_ShowNum
    clock.o(.text) refers to fflt_clz.o(x$fpl$ffltu) for __aeabi_ui2f
    clock.o(.text) refers to fdiv.o(x$fpl$fdiv) for __aeabi_fdiv
    clock.o(.text) refers to faddsub_clz.o(x$fpl$fadd) for __aeabi_fadd
    clock.o(.text) refers to f2d.o(x$fpl$f2d) for __aeabi_f2d
    clock.o(.text) refers to dmul.o(x$fpl$dmul) for __aeabi_dmul
    clock.o(.text) refers to sin.o(i.sin) for sin
    clock.o(.text) refers to dflt_clz.o(x$fpl$dflt) for __aeabi_i2d
    clock.o(.text) refers to daddsub_clz.o(x$fpl$dadd) for __aeabi_dadd
    clock.o(.text) refers to dfixu.o(x$fpl$dfixu) for __aeabi_d2uiz
    clock.o(.text) refers to cos.o(i.cos) for cos
    clock.o(.text) refers to daddsub_clz.o(x$fpl$dsub) for __aeabi_dsub
    clock.o(.text) refers to dflt_clz.o(x$fpl$dfltu) for __aeabi_ui2d
    clock.o(.text) refers to base_1.o(.text) for gui_draw_bline1
    clock.o(.text) refers to lcd.o(.data) for POINT_COLOR
    clock.o(.text) refers to main.o(.bss) for tosettime
    clock.o(.text) refers to clock.o(.data) for oldmin
    clock.o(.text) refers to rt_memcpy_w.o(.text) for __aeabi_memcpy4
    clock.o(.text) refers to clock.o(.constdata) for .constdata
    clock.o(.text) refers to delay.o(.text) for delay_ms
    exti.o(.text) refers to stm32f10x_rcc.o(.text) for RCC_APB2PeriphClockCmd
    exti.o(.text) refers to key.o(.text) for KEY_Init
    exti.o(.text) refers to stm32f10x_gpio.o(.text) for GPIO_EXTILineConfig
    exti.o(.text) refers to stm32f10x_exti.o(.text) for EXTI_Init
    exti.o(.text) refers to misc.o(.text) for NVIC_Init
    exti.o(.text) refers to delay.o(.text) for delay_ms
[...]
    ../mathlib/cos.c                         0x00000000   Number         0  cos.o ABSOLUTE
    ../mathlib/cos.c                         0x00000000   Number         0  cos_x.o ABSOLUTE
    ../mathlib/cos_i.c                       0x00000000   Number         0  cos_i.o ABSOLUTE
    ../mathlib/dunder.c                      0x00000000   Number         0  dunder.o ABSOLUTE
    ../mathlib/fpclassify.c                  0x00000000   Number         0  fpclassify.o ABSOLUTE
    ../mathlib/poly.c                        0x00000000   Number         0  poly.o ABSOLUTE
    ../mathlib/rred.c                        0x00000000   Number         0  rred.o ABSOLUTE
    ../mathlib/sin.c                         0x00000000   Number         0  sin.o ABSOLUTE
    ../mathlib/sin.c                         0x00000000   Number         0  sin_x.o ABSOLUTE
    ../mathlib/sin_i.c                       0x00000000   Number         0  sin_i_x.o ABSOLUTE
    ../mathlib/sin_i.c                       0x00000000   Number         0  sin_i.o ABSOLUTE
    ..\CORE\core_cm3.c                       0x00000000   Number         0  core_cm3.o ABSOLUTE
    ..\CORE\startup_stm32f10x_hd.s           0x00000000   Number         0  startup_stm32f10x_hd.o ABSOLUTE
    ..\HARDWARE\CLOCK\clock.c                0x00000000   Number         0  clock.o ABSOLUTE
    ..\HARDWARE\EXTI\exti.c                  0x00000000   Number         0  exti.o ABSOLUTE
    ..\HARDWARE\GUI\base.c                   0x00000000   Number         0  base_1.o ABSOLUTE
    ..\HARDWARE\KEY\key.c                    0x00000000   Number         0  key.o ABSOLUTE
    ..\HARDWARE\LCD\lcd.c                    0x00000000   Number         0  lcd.o ABSOLUTE
    ..\HARDWARE\TIME\timer.c                 0x00000000   Number         0  timer.o ABSOLUTE
    ..\STM32F10x_FWLib\src\misc.c            0x00000000   Number         0  misc.o ABSOLUTE
    ..\STM32F10x_FWLib\src\stm32f10x_exti.c  0x00000000   Number         0  stm32f10x_exti.o ABSOLUTE
    ..\STM32F10x_FWLib\src\stm32f10x_fsmc.c  0x00000000   Number         0  stm32f10x_fsmc.o ABSOLUTE
    ..\STM32F10x_FWLib\src\stm32f10x_gpio.c  0x00000000   Number         0  stm32f10x_gpio.o ABSOLUTE
    ..\STM32F10x_FWLib\src\stm32f10x_i2c.c   0x00000000   Number         0  stm32f10x_i2c.o ABSOLUTE
    ..\STM32F10x_FWLib\src\stm32f10x_rcc.c   0x00000000   Number         0  stm32f10x_rcc.o ABSOLUTE
    ..\STM32F10x_FWLib\src\stm32f10x_tim.c   0x00000000   Number         0  stm32f10x_tim.o ABSOLUTE
    ..\STM32F10x_FWLib\src\stm32f10x_usart.c 0x00000000   Number         0  stm32f10x_usart.o ABSOLUTE
    ..\SYSTEM\delay\delay.c                  0x00000000   Number         0  delay.o ABSOLUTE
    ..\SYSTEM\sys\sys.c                      0x00000000   Number         0  sys.o ABSOLUTE
    ..\SYSTEM\usart\usart.c                  0x00000000   Number         0  usart.o ABSOLUTE
    ..\\CORE\\core_cm3.c                     0x00000000   Number         0  core_cm3.o ABSOLUTE
    ..\\SYSTEM\\sys\\sys.c                   0x00000000   Number         0  sys.o ABSOLUTE
    dc.s                                     0x00000000   Number         0  dc.o ABSOLUTE
    main.c                                   0x00000000   Number         0  main.o ABSOLUTE
    stm32f10x_it.c                           0x00000000   Number         0  stm32f10x_it.o ABSOLUTE
    system_stm32f10x.c                       0x00000000   Number         0  system_stm32f10x.o ABSOLUTE
    RESET                                    0x08000000   Section      304  startup_stm32f10x_hd.o(RESET)
    !!!main                                  0x08000130   Section        8  __main.o(!!!main)
    !!!scatter                               0x08000138   Section       52  __scatter.o(!!!scatter)
    !!handler_copy                           0x0800016c   Section       26  __scatter_copy.o(!!handler_copy)
    !!handler_zi                             0x08000188   Section       28  __scatter_zi.o(!!handler_zi)
    .ARM.Collect$$_printf_percent$$00000000  0x080001a4   Section        0  _printf_percent.o(.ARM.Collect$$_printf_percent$$00000000)
    .ARM.Collect$$_printf_percent$$0000000C  0x080001a4   Section        6  _printf_x.o(.ARM.Collect$$_printf_percent$$0000000C)
    .ARM.Collect$$_printf_percent$$00000017  0x080001aa   Section        4  _printf_percent_end.o(.ARM.Collect$$_printf_percent$$00000017)
    .ARM.Collect$$libinit$$00000000          0x080001ae   Section        2  libinit.o(.ARM.Collect$$libinit$$00000000)
    .ARM.Collect$$libinit$$00000002          0x080001b0   Section        0  libinit2.o(.ARM.Collect$$libinit$$00000002)
    .ARM.Collect$$libinit$$00000004          0x080001b0   Section        0  libinit2.o(.ARM.Collect$$libinit$$00000004)
    .ARM.Collect$$libinit$$0000000A          0x080001b0   Section        0  libinit2.o(.ARM.Collect$$libinit$$0000000A)
    .ARM.Collect$$libinit$$0000000C          0x080001b0   Section        0  libinit2.o(.ARM.Collect$$libinit$$0000000C)
    .ARM.Collect$$libinit$$0000000E          0x080001b0   Section        0  libinit2.o(.ARM.Collect$$libinit$$0000000E)
    .ARM.Collect$$libinit$$00000011          0x080001b0   Section        0  libinit2.o(.ARM.Collect$$libinit$$00000011)
    .ARM.Collect$$libinit$$00000013          0x080001b0   Section        0  libinit2.o(.ARM.Collect$$libinit$$00000013)
    .ARM.Collect$$libinit$$00000015          0x080001b0   Section        0  libinit2.o(.ARM.Collect$$libinit$$00000015)
    .ARM.Collect$$libinit$$00000017          0x080001b0   Section        0  libinit2.o(.ARM.Collect$$libinit$$00000017)
    .ARM.Collect$$libinit$$00000019          0x080001b0   Section        0  libinit2.o(.ARM.Collect$$libinit$$00000019)
    .ARM.Collect$$libinit$$0000001B          0x080001b0   Section        0  libinit2.o(.ARM.Collect$$libinit$$0000001B)
    .ARM.Collect$$libinit$$0000001D          0x080001b0   Section        0  libinit2.o(.ARM.Collect$$libinit$$0000001D)
    .ARM.Collect$$libinit$$0000001F          0x080001b0   Section        0  libinit2.o(.ARM.Collect$$libinit$$0000001F)
    .ARM.Collect$$libinit$$00000021          0x080001b0   Section        0  libinit2.o(.ARM.Collect$$libinit$$00000021)
    .ARM.Collect$$libinit$$00000023          0x080001b0   Section        0  libinit2.o(.ARM.Collect$$libinit$$00000023)
    .ARM.Collect$$libinit$$00000025          0x080001b0   Section        0  libinit2.o(.ARM.Collect$$libinit$$00000025)
    .ARM.Collect$$libinit$$0000002C          0x080001b0   Section        0  libinit2.o(.ARM.Collect$$libinit$$0000002C)
    .ARM.Collect$$libinit$$0000002E          0x080001b0   Section        0  libinit2.o(.ARM.Collect$$libinit$$0000002E)
    .ARM.Collect$$libinit$$00000030          0x080001b0   Section        0  libinit2.o(.ARM.Collect$$libinit$$00000030)
    .ARM.Collect$$libinit$$00000032          0x080001b0   Section        0  libinit2.o(.ARM.Collect$$libinit$$00000032)
    .ARM.Collect$$libinit$$00000033          0x080001b0   Section        2  libinit2.o(.ARM.Collect$$libinit$$00000033)
    .ARM.Collect$$libshutdown$$00000000      0x080001b2   Section        2  libshutdown.o(.ARM.Collect$$libshutdown$$00000000)
    .ARM.Collect$$libshutdown$$00000003      0x080001b4   Section        0  libshutdown2.o(.ARM.Collect$$libshutdown$$00000003)
    .ARM.Collect$$libshutdown$$00000006      0x080001b4   Section        0  libshutdown2.o(.ARM.Collect$$libshutdown$$00000006)
    .ARM.Collect$$libshutdown$$00000009      0x080001b4   Section        0  libshutdown2.o(.ARM.Collect$$libshutdown$$00000009)
    .ARM.Collect$$libshutdown$$0000000B      0x080001b4   Section        0  libshutdown2.o(.ARM.Collect$$libshutdown$$0000000B)
    .ARM.Collect$$libshutdown$$0000000E      0x080001b4   Section        0  libshutdown2.o(.ARM.Collect$$libshutdown$$0000000E)
    .ARM.Collect$$libshutdown$$0000000F      0x080001b4   Section        2  libshutdown2.o(.ARM.Collect$$libshutdown$$0000000F)
    .ARM.Collect$$rtentry$$00000000          0x080001b6   Section        0  __rtentry.o(.ARM.Collect$$rtentry$$00000000)
    .ARM.Collect$$rtentry$$00000002          0x080001b6   Section        0  __rtentry2.o(.ARM.Collect$$rtentry$$00000002)
    .ARM.Collect$$rtentry$$00000004          0x080001b6   Section        6  __rtentry4.o(.ARM.Collect$$rtentry$$00000004)
    .ARM.Collect$$rtentry$$00000009          0x080001bc   Section        0  __rtentry2.o(.ARM.Collect$$rtentry$$00000009)
    .ARM.Collect$$rtentry$$0000000A          0x080001bc   Section        4  __rtentry2.o(.ARM.Collect$$rtentry$$0000000A)
    .ARM.Collect$$rtentry$$0000000C          0x080001c0   Section        0  __rtentry2.o(.ARM.Collect$$rtentry$$0000000C)
    .ARM.Collect$$rtentry$$0000000D          0x080001c0   Section        8  __rtentry2.o(.ARM.Collect$$rtentry$$0000000D)
    .ARM.Collect$$rtexit$$00000000           0x080001c8   Section        2  rtexit.o(.ARM.Collect$$rtexit$$00000000)
    .ARM.Collect$$rtexit$$00000002           0x080001ca   Section        0  rtexit2.o(.ARM.Collect$$rtexit$$00000002)
    .ARM.Collect$$rtexit$$00000003           0x080001ca   Section        4  rtexit2.o(.ARM.Collect$$rtexit$$00000003)
    .ARM.Collect$$rtexit$$00000004           0x080001ce   Section        6  rtexit2.o(.ARM.Collect$$rtexit$$00000004)
    .text                                    0x080001d4   Section        0  main.o(.text)
    .text                                    0x0800021a   Section        0  stm32f10x_it.o(.text)
    .text                                    0x08000234   Section        0  system_stm32f10x.o(.text)
    SetSysClockTo72                          0x08000235   Thumb Code   214  system_stm32f10x.o(.text)
    SetSysClock                              0x0800030b   Thumb Code     8  system_stm32f10x.o(.text)
    .text                                    0x08000414   Section       64  startup_stm32f10x_hd.o(.text)
    .text                                    0x08000454   Section        0  misc.o(.text)
    .text                                    0x08000530   Section        0  stm32f10x_exti.o(.text)
    .text                                    0x0800064c   Section        0  stm32f10x_gpio.o(.text)
    .text                                    0x080009a8   Section        0  stm32f10x_tim.o(.text)
    TI4_Config                               0x08000e4f   Thumb Code   130  stm32f10x_tim.o(.text)
    TI3_Config                               0x08000ee3   Thumb Code   122  stm32f10x_tim.o(.text)
    TI2_Config                               0x08000f77   Thumb Code   130  stm32f10x_tim.o(.text)
    TI1_Config                               0x0800100b   Thumb Code   108  stm32f10x_tim.o(.text)
    .text                                    0x080017c4   Section        0  stm32f10x_rcc.o(.text)
    .text                                    0x08001b68   Section        0  stm32f10x_usart.o(.text)
    .text                                    0x08001f70   Section        0  delay.o(.text)
    .text                                    0x08002044   Section        0  usart.o(.text)
    .text                                    0x08002184   Section        0  clock.o(.text)
    .text                                    0x08003868   Section        0  exti.o(.text)
    .text                                    0x080039d0   Section        0  base_1.o(.text)
    .text                                    0x08004750   Section        0  key.o(.text)
    .text                                    0x08004864   Section        0  lcd.o(.text)
    .text                                    0x0800a0ac   Section        0  timer.o(.text)
    .text                                    0x0800a160   Section        2  use_no_semi_2.o(.text)
    .text                                    0x0800a164   Section        0  noretval__2printf.o(.text)
    .text                                    0x0800a17c   Section        0  __printf.o(.text)
    .text                                    0x0800a1e4   Section        0  _printf_hex_int.o(.text)
    .text                                    0x0800a23c   Section      100  rt_memcpy_w.o(.text)
    .text                                    0x0800a2a0   Section        0  heapauxi.o(.text)
    .text                                    0x0800a2a6   Section        2  use_no_semi.o(.text)
    .text                                    0x0800a2a8   Section        0  _rserrno.o(.text)
    .text                                    0x0800a2be   Section        0  _printf_intcommon.o(.text)
    .text                                    0x0800a370   Section        0  _printf_char_file.o(.text)
    .text                                    0x0800a394   Section        8  rt_errno_addr_intlibspace.o(.text)
    .text                                    0x0800a39c   Section        0  _printf_char_common.o(.text)
    _printf_input_char                       0x0800a39d   Thumb Code    10  _printf_char_common.o(.text)
    .text                                    0x0800a3cc   Section        0  ferror.o(.text)
    .text                                    0x0800a3d4   Section        8  libspace.o(.text)
    .text                                    0x0800a3dc   Section       74  sys_stackheap_outer.o(.text)
    .text                                    0x0800a426   Section        0  exit.o(.text)
    i.__ARM_fpclassify                       0x0800a432   Section        0  fpclassify.o(i.__ARM_fpclassify)
    i.__ieee754_rem_pio2                     0x0800a45c   Section        0  rred.o(i.__ieee754_rem_pio2)
    i.__kernel_cos                           0x0800a7e4   Section        0  cos_i.o(i.__kernel_cos)
    i.__kernel_poly                          0x0800a8e0   Section        0  poly.o(i.__kernel_poly)
    i.__kernel_sin                           0x0800a98c   Section        0  sin_i.o(i.__kernel_sin)
    i.__mathlib_dbl_infnan                   0x0800aa78   Section        0  dunder.o(i.__mathlib_dbl_infnan)
    i.__mathlib_dbl_invalid                  0x0800aa7e   Section        0  dunder.o(i.__mathlib_dbl_invalid)
    i.__mathlib_dbl_underflow                0x0800aa8c   Section        0  dunder.o(i.__mathlib_dbl_underflow)
    i.cos                                    0x0800aa9c   Section        0  cos.o(i.cos)
    i.sin                                    0x0800ab38   Section        0  sin.o(i.sin)
    x$fpl$dadd                               0x0800abd8   Section      336  daddsub_clz.o(x$fpl$dadd)
    _dadd1                                   0x0800abe9   Thumb Code     0  daddsub_clz.o(x$fpl$dadd)
    x$fpl$dcheck1                            0x0800ad28   Section       16  dcheck1.o(x$fpl$dcheck1)
    x$fpl$ddiv                               0x0800ad38   Section      688  ddiv.o(x$fpl$ddiv)
    ddiv_entry                               0x0800ad3f   Thumb Code     0  ddiv.o(x$fpl$ddiv)
    x$fpl$dfix                               0x0800afe8   Section       94  dfix.o(x$fpl$dfix)
    x$fpl$dfixu                              0x0800b048   Section       90  dfixu.o(x$fpl$dfixu)
    x$fpl$dflt                               0x0800b0a2   Section       46  dflt_clz.o(x$fpl$dflt)
    x$fpl$dfltu                              0x0800b0d0   Section       38  dflt_clz.o(x$fpl$dfltu)
    x$fpl$dmul                               0x0800b0f8   Section      340  dmul.o(x$fpl$dmul)
    x$fpl$dnaninf                            0x0800b24c   Section      156  dnaninf.o(x$fpl$dnaninf)
    x$fpl$dretinf                            0x0800b2e8   Section       12  dretinf.o(x$fpl$dretinf)
    x$fpl$drsb                               0x0800b2f4   Section       22  daddsub_clz.o(x$fpl$drsb)
    x$fpl$dsub                               0x0800b30c   Section      468  daddsub_clz.o(x$fpl$dsub)
    _dsub1                                   0x0800b31d   Thumb Code     0  daddsub_clz.o(x$fpl$dsub)
    x$fpl$f2d                                0x0800b4e0   Section       86  f2d.o(x$fpl$f2d)
    x$fpl$fadd                               0x0800b538   Section      196  faddsub_clz.o(x$fpl$fadd)
    _fadd1                                   0x0800b547   Thumb Code     0  faddsub_clz.o(x$fpl$fadd)
    x$fpl$fdiv                               0x0800b5fc   Section      388  fdiv.o(x$fpl$fdiv)
    _fdiv1                                   0x0800b5fd   Thumb Code     0  fdiv.o(x$fpl$fdiv)
    x$fpl$ffltu                              0x0800b780   Section       38  fflt_clz.o(x$fpl$ffltu)
    x$fpl$fnaninf                            0x0800b7a6   Section      140  fnaninf.o(x$fpl$fnaninf)
    x$fpl$fretinf                            0x0800b832   Section       10  fretinf.o(x$fpl$fretinf)
    x$fpl$fsub                               0x0800b83c   Section      234  faddsub_clz.o(x$fpl$fsub)
    _fsub1                                   0x0800b84b   Thumb Code     0  faddsub_clz.o(x$fpl$fsub)
    x$fpl$retnan                             0x0800b926   Section      100  retnan.o(x$fpl$retnan)
    x$fpl$scalbn                             0x0800b98a   Section       92  scalbn.o(x$fpl$scalbn)
    x$fpl$trapveneer                         0x0800b9e6   Section       48  trapv.o(x$fpl$trapveneer)
    x$fpl$usenofp                            0x0800ba16   Section        0  usenofp.o(x$fpl$usenofp)
    .constdata                               0x0800ba18   Section       48  clock.o(.constdata)
    .constdata                               0x0800ba48   Section     6080  lcd.o(.constdata)
    .constdata                               0x0800d208   Section       40  _printf_hex_int.o(.constdata)
    uc_hextab                                0x0800d208   Data          20  _printf_hex_int.o(.constdata)
    lc_hextab                                0x0800d21c   Data          20  _printf_hex_int.o(.constdata)
    .constdata                               0x0800d230   Section       48  cos_i.o(.constdata)
    C                                        0x0800d230   Data          48  cos_i.o(.constdata)
    .constdata                               0x0800d260   Section      200  rred.o(.constdata)
    pio2s                                    0x0800d260   Data          48  rred.o(.constdata)
    twooverpi                                0x0800d290   Data         152  rred.o(.constdata)
    .constdata                               0x0800d328   Section       40  sin_i.o(.constdata)
    S                                        0x0800d328   Data          40  sin_i.o(.constdata)
    .data                                    0x20000000   Section       20  system_stm32f10x.o(.data)
    .data                                    0x20000014   Section       20  stm32f10x_rcc.o(.data)
    APBAHBPrescTable                         0x20000014   Data          16  stm32f10x_rcc.o(.data)
    ADCPrescTable                            0x20000024   Data           4  stm32f10x_rcc.o(.data)
    .data                                    0x20000028   Section        4  delay.o(.data)
    fac_us                                   0x20000028   Data           1  delay.o(.data)
    fac_ms                                   0x2000002a   Data           2  delay.o(.data)
    .data                                    0x2000002c   Section        6  usart.o(.data)
    .data                                    0x20000032   Section        3  clock.o(.data)
    oldhour                                  0x20000032   Data           1  clock.o(.data)
    oldmin                                   0x20000033   Data           1  clock.o(.data)
    oldsec                                   0x20000034   Data           1  clock.o(.data)
    .data                                    0x20000035   Section        1  key.o(.data)
    key_up                                   0x20000035   Data           1  key.o(.data)
    .data                                    0x20000036   Section        4  lcd.o(.data)
    .bss                                     0x2000003c   Section       84  main.o(.bss)
    .bss                                     0x20000090   Section      200  usart.o(.bss)
    .bss                                     0x20000158   Section       28  base_1.o(.bss)
    .bss                                     0x20000174   Section       14  lcd.o(.bss)
    .bss                                     0x20000184   Section       96  libspace.o(.bss)
    HEAP                                     0x200001e8   Section      512  startup_stm32f10x_hd.o(HEAP)
    Heap_Mem                                 0x200001e8   Data         512  startup_stm32f10x_hd.o(HEAP)
    STACK                                    0x200003e8   Section     1024  startup_stm32f10x_hd.o(STACK)
    Stack_Mem                                0x200003e8   Data        1024  startup_stm32f10x_hd.o(STACK)
    __initial_sp                             0x200007e8   Data           0  startup_stm32f10x_hd.o(STACK)

    Global Symbols

    Symbol Name                              Value     Ov Type        Size  Object(Section)

    BuildAttributes$$THM_ISAv4$P$D$K$B$S$PE$A:L22UL41UL21$X:L11$S22US41US21$IEEE1$IW$USESV6$~STKCKD$USESV7$~SHL$OTIME$ROPI$IEEEX$EBA8$UX$STANDARDLIB$REQ8$PRES8$EABIv2 0x00000000   Number         0  anon$$obj.o ABSOLUTE
    __ARM_use_no_argv                        0x00000000   Number         0  main.o ABSOLUTE
    __ARM_exceptions_init                     - Undefined Weak Reference
    __alloca_initialize                       - Undefined Weak Reference
    __arm_preinit_                            - Undefined Weak Reference
    __cpp_initialize__aeabi_                  - Undefined Weak Reference
    __cxa_finalize                            - Undefined Weak Reference
    __rt_locale                               - Undefined Weak Reference
    __sigvec_lookup                           - Undefined Weak Reference
    _atexit_init                              - Undefined Weak Reference
    _call_atexit_fns                          - Undefined Weak Reference
    _clock_init                               - Undefined Weak Reference
    _fp_trap_init                             - Undefined Weak Reference
    _fp_trap_shutdown                         - Undefined Weak Reference
    _get_lc_collate                           - Undefined Weak Reference
    _get_lc_ctype                             - Undefined Weak Reference
    _get_lc_monetary                          - Undefined Weak Reference
    _get_lc_numeric                           - Undefined Weak Reference
    _get_lc_time                              - Undefined Weak Reference
    _getenv_init                              - Undefined Weak Reference
    _handle_redirection                       - Undefined Weak Reference
    _init_alloc                               - Undefined Weak Reference
    _init_user_alloc                          - Undefined Weak Reference
    _initio                                   - Undefined Weak Reference
    _mutex_acquire                            - Undefined Weak Reference
    _mutex_release                            - Undefined Weak Reference
    _printf_post_padding                      - Undefined Weak Reference
    _printf_pre_padding                       - Undefined Weak Reference
    _printf_truncate_unsigned                 - Undefined Weak Reference
    _rand_init                                - Undefined Weak Reference
    _signal_finish                            - Undefined Weak Reference
    _signal_init                              - Undefined Weak Reference
    _terminate_alloc                          - Undefined Weak Reference
    _terminate_user_alloc                     - Undefined Weak Reference
    _terminateio                              - Undefined Weak Reference
    __Vectors_Size                           0x00000130   Number         0  startup_stm32f10x_hd.o ABSOLUTE
    __Vectors                                0x08000000   Data           4  startup_stm32f10x_hd.o(RESET)
    __Vectors_End                            0x08000130   Data           0  startup_stm32f10x_hd.o(RESET)
    __main                                   0x08000131   Thumb Code     8  __main.o(!!!main)
    __scatterload                            0x08000139   Thumb Code     0  __scatter.o(!!!scatter)
    __scatterload_rt2                        0x08000139   Thumb Code    44  __scatter.o(!!!scatter)
    __scatterload_rt2_thumb_only             0x08000139   Thumb Code     0  __scatter.o(!!!scatter)
    __scatterload_null                       0x08000147   Thumb Code     0  __scatter.o(!!!scatter)
    __scatterload_copy                       0x0800016d   Thumb Code    26  __scatter_copy.o(!!handler_copy)
    __scatterload_zeroinit                   0x08000189   Thumb Code    28  __scatter_zi.o(!!handler_zi)
    _printf_percent                          0x080001a5   Thumb Code     0  _printf_percent.o(.ARM.Collect$$_printf_percent$$00000000)
    _printf_x                                0x080001a5   Thumb Code     0  _printf_x.o(.ARM.Collect$$_printf_percent$$0000000C)
    _printf_percent_end                      0x080001ab   Thumb Code     0  _printf_percent_end.o(.ARM.Collect$$_printf_percent$$00000017)
    __rt_lib_init                            0x080001af   Thumb Code     0  libinit.o(.ARM.Collect$$libinit$$00000000)
    __rt_lib_init_alloca_1                   0x080001b1   Thumb Code     0  libinit2.o(.ARM.Collect$$libinit$$0000002E)
    __rt_lib_init_argv_1                     0x080001b1   Thumb Code     0  libinit2.o(.ARM.Collect$$libinit$$0000002C)
    __rt_lib_init_atexit_1                   0x080001b1   Thumb Code     0  libinit2.o(.ARM.Collect$$libinit$$0000001B)
    __rt_lib_init_clock_1                    0x080001b1   Thumb Code     0  libinit2.o(.ARM.Collect$$libinit$$00000021)
    __rt_lib_init_cpp_1                      0x080001b1   Thumb Code     0  libinit2.o(.ARM.Collect$$libinit$$00000032)
    __rt_lib_init_exceptions_1               0x080001b1   Thumb Code     0  libinit2.o(.ARM.Collect$$libinit$$00000030)
    __rt_lib_init_fp_1                       0x080001b1   Thumb Code     0  libinit2.o(.ARM.Collect$$libinit$$00000002)
    __rt_lib_init_fp_trap_1                  0x080001b1   Thumb Code     0  libinit2.o(.ARM.Collect$$libinit$$0000001F)
    __rt_lib_init_getenv_1                   0x080001b1   Thumb Code     0  libinit2.o(.ARM.Collect$$libinit$$00000023)
    __rt_lib_init_heap_1                     0x080001b1   Thumb Code     0  libinit2.o(.ARM.Collect$$libinit$$0000000A)
    __rt_lib_init_lc_collate_1               0x080001b1   Thumb Code     0  libinit2.o(.ARM.Collect$$libinit$$00000011)
    __rt_lib_init_lc_ctype_1                 0x080001b1   Thumb Code     0  libinit2.o(.ARM.Collect$$libinit$$00000013)
    __rt_lib_init_lc_monetary_1              0x080001b1   Thumb Code     0  libinit2.o(.ARM.Collect$$libinit$$00000015)
    __rt_lib_init_lc_numeric_1               0x080001b1   Thumb Code     0  libinit2.o(.ARM.Collect$$libinit$$00000017)
    __rt_lib_init_lc_time_1                  0x080001b1   Thumb Code     0  libinit2.o(.ARM.Collect$$libinit$$00000019)
    __rt_lib_init_preinit_1                  0x080001b1   Thumb Code     0  libinit2.o(.ARM.Collect$$libinit$$00000004)
    __rt_lib_init_rand_1                     0x080001b1   Thumb Code     0  libinit2.o(.ARM.Collect$$libinit$$0000000E)
    __rt_lib_init_return                     0x080001b1   Thumb Code     0  libinit2.o(.ARM.Collect$$libinit$$00000033)
    __rt_lib_init_signal_1                   0x080001b1   Thumb Code     0  libinit2.o(.ARM.Collect$$libinit$$0000001D)
    __rt_lib_init_stdio_1                    0x080001b1   Thumb Code     0  libinit2.o(.ARM.Collect$$libinit$$00000025)
    __rt_lib_init_user_alloc_1               0x080001b1   Thumb Code     0  libinit2.o(.ARM.Collect$$libinit$$0000000C)
    __rt_lib_shutdown                        0x080001b3   Thumb Code     0  libshutdown.o(.ARM.Collect$$libshutdown$$00000000)
    __rt_lib_shutdown_fp_trap_1              0x080001b5   Thumb Code     0  libshutdown2.o(.ARM.Collect$$libshutdown$$00000006)
    __rt_lib_shutdown_heap_1                 0x080001b5   Thumb Code     0  libshutdown2.o(.ARM.Collect$$libshutdown$$0000000E)
    __rt_lib_shutdown_return                 0x080001b5   Thumb Code     0  libshutdown2.o(.ARM.Collect$$libshutdown$$0000000F)
    __rt_lib_shutdown_signal_1               0x080001b5   Thumb Code     0  libshutdown2.o(.ARM.Collect$$libshutdown$$00000009)
    __rt_lib_shutdown_stdio_1                0x080001b5   Thumb Code     0  libshutdown2.o(.ARM.Collect$$libshutdown$$00000003)
    __rt_lib_shutdown_user_alloc_1           0x080001b5   Thumb Code     0  libshutdown2.o(.ARM.Collect$$libshutdown$$0000000B)
    __rt_entry                               0x080001b7   Thumb Code     0  __rtentry.o(.ARM.Collect$$rtentry$$00000000)
    __rt_entry_presh_1                       0x080001b7   Thumb Code     0  __rtentry2.o(.ARM.Collect$$rtentry$$00000002)
    __rt_entry_sh                            0x080001b7   Thumb Code     0  __rtentry4.o(.ARM.Collect$$rtentry$$00000004)
    __rt_entry_li                            0x080001bd   Thumb Code     0  __rtentry2.o(.ARM.Collect$$rtentry$$0000000A)
    __rt_entry_postsh_1                      0x080001bd   Thumb Code     0  __rtentry2.o(.ARM.Collect$$rtentry$$00000009)
    __rt_entry_main                          0x080001c1   Thumb Code     0  __rtentry2.o(.ARM.Collect$$rtentry$$0000000D)
    __rt_entry_postli_1                      0x080001c1   Thumb Code     0  __rtentry2.o(.ARM.Collect$$rtentry$$0000000C)
    __rt_exit                                0x080001c9   Thumb Code     0  rtexit.o(.ARM.Collect$$rtexit$$00000000)
    __rt_exit_ls                             0x080001cb   Thumb Code     0  rtexit2.o(.ARM.Collect$$rtexit$$00000003)
    __rt_exit_prels_1                        0x080001cb   Thumb Code     0  rtexit2.o(.ARM.Collect$$rtexit$$00000002)
    __rt_exit_exit                           0x080001cf   Thumb Code     0  rtexit2.o(.ARM.Collect$$rtexit$$00000004)
    main                                     0x080001d5   Thumb Code    70  main.o(.text)
    NMI_Handler                              0x0800021b   Thumb Code     2  stm32f10x_it.o(.text)
    HardFault_Handler                        0x0800021d   Thumb Code     4  stm32f10x_it.o(.text)
    MemManage_Handler                        0x08000221   Thumb Code     4  stm32f10x_it.o(.text)
    BusFault_Handler                         0x08000225   Thumb Code     4  stm32f10x_it.o(.text)
    UsageFault_Handler                       0x08000229   Thumb Code     4  stm32f10x_it.o(.text)
    SVC_Handler                              0x0800022d   Thumb Code     2  stm32f10x_it.o(.text)
    DebugMon_Handler                         0x0800022f   Thumb Code     2  stm32f10x_it.o(.text)
    PendSV_Handler                           0x08000231   Thumb Code     2  stm32f10x_it.o(.text)
    SysTick_Handler                          0x08000233   Thumb Code     2  stm32f10x_it.o(.text)
    SystemInit                               0x08000313   Thumb Code    78  system_stm32f10x.o(.text)
    SystemCoreClockUpdate                    0x08000361   Thumb Code   142  system_stm32f10x.o(.text)
    Reset_Handler                            0x08000415   Thumb Code     8  startup_stm32f10x_hd.o(.text)
    ADC1_2_IRQHandler                        0x0800042f   Thumb Code     0  startup_stm32f10x_hd.o(.text)
    ADC3_IRQHandler                          0x0800042f   Thumb Code     0  startup_stm32f10x_hd.o(.text)
    CAN1_RX1_IRQHandler                      0x0800042f   Thumb Code     0  startup_stm32f10x_hd.o(.text)
    CAN1_SCE_IRQHandler                      0x0800042f   Thumb Code     0  startup_stm32f10x_hd.o(.text)
    DMA1_Channel1_IRQHandler                 0x0800042f   Thumb Code     0  startup_stm32f10x_hd.o(.text)
    DMA1_Channel2_IRQHandler                 0x0800042f   Thumb Code     0  startup_stm32f10x_hd.o(.text)
    DMA1_Channel3_IRQHandler                 0x0800042f   Thumb Code     0  startup_stm32f10x_hd.o(.text)
    DMA1_Channel4_IRQHandler                 0x0800042f   Thumb Code     0  startup_stm32f10x_hd.o(.text)
    DMA1_Channel5_IRQHandler                 0x0800042f   Thumb Code     0  startup_stm32f10x_hd.o(.text)
    DMA1_Channel6_IRQHandler                 0x0800042f   Thumb Code     0  startup_stm32f10x_hd.o(.text)
    DMA1_Channel7_IRQHandler                 0x0800042f   Thumb Code     0  startup_stm32f10x_hd.o(.text)
    DMA2_Channel1_IRQHandler                 0x0800042f   Thumb Code     0  startup_stm32f10x_hd.o(.text)
    DMA2_Channel2_IRQHandler                 0x0800042f   Thumb Code     0  startup_stm32f10x_hd.o(.text)
    DMA2_Channel3_IRQHandler                 0x0800042f   Thumb Code     0  startup_stm32f10x_hd.o(.text)
    DMA2_Channel4_5_IRQHandler               0x0800042f   Thumb Code     0  startup_stm32f10x_hd.o(.text)
    EXTI1_IRQHandler                         0x0800042f   Thumb Code     0  startup_stm32f10x_hd.o(.text)
    EXTI2_IRQHandler                         0x0800042f   Thumb Code     0  startup_stm32f10x_hd.o(.text)
    EXTI3_IRQHandler                         0x0800042f   Thumb Code     0  startup_stm32f10x_hd.o(.text)
    EXTI4_IRQHandler                         0x0800042f   Thumb Code     0  startup_stm32f10x_hd.o(.text)
    FLASH_IRQHandler                         0x0800042f   Thumb Code     0  startup_stm32f10x_hd.o(.text)
    FSMC_IRQHandler                          0x0800042f   Thumb Code     0  startup_stm32f10x_hd.o(.text)
    I2C1_ER_IRQHandler                       0x0800042f   Thumb Code     0  startup_stm32f10x_hd.o(.text)
    I2C1_EV_IRQHandler                       0x0800042f   Thumb Code     0  startup_stm32f10x_hd.o(.text)
    I2C2_ER_IRQHandler                       0x0800042f   Thumb Code     0  startup_stm32f10x_hd.o(.text)
    I2C2_EV_IRQHandler                       0x0800042f   Thumb Code     0  startup_stm32f10x_hd.o(.text)
    PVD_IRQHandler                           0x0800042f   Thumb Code     0  startup_stm32f10x_hd.o(.text)
    RCC_IRQHandler                           0x0800042f   Thumb Code     0  startup_stm32f10x_hd.o(.text)
    RTCAlarm_IRQHandler                      0x0800042f   Thumb Code     0  startup_stm32f10x_hd.o(.text)
    RTC_IRQHandler                           0x0800042f   Thumb Code     0  startup_stm32f10x_hd.o(.text)
    SDIO_IRQHandler                          0x0800042f   Thumb Code     0  startup_stm32f10x_hd.o(.text)
    SPI1_IRQHandler                          0x0800042f   Thumb Code     0  startup_stm32f10x_hd.o(.text)
    SPI2_IRQHandler                          0x0800042f   Thumb Code     0  startup_stm32f10x_hd.o(.text)
    SPI3_IRQHandler                          0x0800042f   Thumb Code     0  startup_stm32f10x_hd.o(.text)
    TAMPER_IRQHandler                        0x0800042f   Thumb Code     0  startup_stm32f10x_hd.o(.text)
    TIM1_BRK_IRQHandler                      0x0800042f   Thumb Code     0  startup_stm32f10x_hd.o(.text)
    TIM1_CC_IRQHandler                       0x0800042f   Thumb Code     0  startup_stm32f10x_hd.o(.text)
    TIM1_TRG_COM_IRQHandler                  0x0800042f   Thumb Code     0  startup_stm32f10x_hd.o(.text)
    TIM1_UP_IRQHandler                       0x0800042f   Thumb Code     0  startup_stm32f10x_hd.o(.text)
    TIM2_IRQHandler                          0x0800042f   Thumb Code     0  startup_stm32f10x_hd.o(.text)
    TIM4_IRQHandler                          0x0800042f   Thumb Code     0  startup_stm32f10x_hd.o(.text)
    TIM5_IRQHandler                          0x0800042f   Thumb Code     0  startup_stm32f10x_hd.o(.text)
    TIM6_IRQHandler                          0x0800042f   Thumb Code     0  startup_stm32f10x_hd.o(.text)
    TIM7_IRQHandler                          0x0800042f   Thumb Code     0  startup_stm32f10x_hd.o(.text)
    TIM8_BRK_IRQHandler                      0x0800042f   Thumb Code     0  startup_stm32f10x_hd.o(.text)
    TIM8_CC_IRQHandler                       0x0800042f   Thumb Code     0  startup_stm32f10x_hd.o(.text)
    TIM8_TRG_COM_IRQHandler                  0x0800042f   Thumb Code     0  startup_stm32f10x_hd.o(.text)
    TIM8_UP_IRQHandler                       0x0800042f   Thumb Code     0  startup_stm32f10x_hd.o(.text)
    UART4_IRQHandler                         0x0800042f   Thumb Code     0  startup_stm32f10x_hd.o(.text)
    UART5_IRQHandler                         0x0800042f   Thumb Code     0  startup_stm32f10x_hd.o(.text)
    USART2_IRQHandler                        0x0800042f   Thumb Code     0  startup_stm32f10x_hd.o(.text)
    USART3_IRQHandler                        0x0800042f   Thumb Code     0  startup_stm32f10x_hd.o(.text)
    USBWakeUp_IRQHandler                     0x0800042f   Thumb Code     0  startup_stm32f10x_hd.o(.text)
    USB_HP_CAN1_TX_IRQHandler                0x0800042f   Thumb Code     0  startup_stm32f10x_hd.o(.text)
    USB_LP_CAN1_RX0_IRQHandler               0x0800042f   Thumb Code     0  startup_stm32f10x_hd.o(.text)
    WWDG_IRQHandler                          0x0800042f   Thumb Code     0  startup_stm32f10x_hd.o(.text)
    __user_initial_stackheap                 0x08000431   Thumb Code     0  startup_stm32f10x_hd.o(.text)
    NVIC_PriorityGroupConfig                 0x08000455   Thumb Code    10  misc.o(.text)
    NVIC_Init                                0x0800045f   Thumb Code   100  misc.o(.text)
    NVIC_SetVectorTable                      0x080004c3   Thumb Code    14  misc.o(.text)
    NVIC_SystemLPConfig                      0x080004d1   Thumb Code    34  misc.o(.text)
    SysTick_CLKSourceConfig                  0x080004f3   Thumb Code    40  misc.o(.text)
    EXTI_DeInit                              0x08000531   Thumb Code    28  stm32f10x_exti.o(.text)
    EXTI_Init                                0x0800054d   Thumb Code   142  stm32f10x_exti.o(.text)
    EXTI_StructInit                          0x080005db   Thumb Code    16  stm32f10x_exti.o(.text)
    EXTI_GenerateSWInterrupt                 0x080005eb   Thumb Code    16  stm32f10x_exti.o(.text)
    EXTI_GetFlagStatus                       0x080005fb   Thumb Code    22  stm32f10x_exti.o(.text)
    EXTI_ClearFlag                           0x08000611   Thumb Code     8  stm32f10x_exti.o(.text)
    EXTI_GetITStatus                         0x08000619   Thumb Code    34  stm32f10x_exti.o(.text)
    EXTI_ClearITPendingBit                   0x0800063b   Thumb Code     8  stm32f10x_exti.o(.text)
    GPIO_DeInit                              0x0800064d   Thumb Code   172  stm32f10x_gpio.o(.text)
    GPIO_AFIODeInit                          0x080006f9   Thumb Code    20  stm32f10x_gpio.o(.text)
    GPIO_Init                                0x0800070d   Thumb Code   278  stm32f10x_gpio.o(.text)
    GPIO_StructInit                          0x08000823   Thumb Code    16  stm32f10x_gpio.o(.text)
    GPIO_ReadInputDataBit                    0x08000833   Thumb Code    18  stm32f10x_gpio.o(.text)
    GPIO_ReadInputData                       0x08000845   Thumb Code     8  stm32f10x_gpio.o(.text)
    GPIO_ReadOutputDataBit                   0x0800084d   Thumb Code    18  stm32f10x_gpio.o(.text)
    GPIO_ReadOutputData                      0x0800085f   Thumb Code     8  stm32f10x_gpio.o(.text)
    GPIO_SetBits                             0x08000867   Thumb Code     4  stm32f10x_gpio.o(.text)
    GPIO_ResetBits                           0x0800086b   Thumb Code     4  stm32f10x_gpio.o(.text)
    GPIO_WriteBit                            0x0800086f   Thumb Code    10  stm32f10x_gpio.o(.text)
    GPIO_Write                               0x08000879   Thumb Code     4  stm32f10x_gpio.o(.text)
    GPIO_PinLockConfig                       0x0800087d   Thumb Code    18  stm32f10x_gpio.o(.text)
    GPIO_EventOutputConfig                   0x0800088f   Thumb Code    26  stm32f10x_gpio.o(.text)
    GPIO_EventOutputCmd                      0x080008a9   Thumb Code     6  stm32f10x_gpio.o(.text)
    GPIO_PinRemapConfig                      0x080008af   Thumb Code   138  stm32f10x_gpio.o(.text)
    GPIO_EXTILineConfig                      0x08000939   Thumb Code    66  stm32f10x_gpio.o(.text)
    GPIO_ETH_MediaInterfaceConfig            0x0800097b   Thumb Code     8  stm32f10x_gpio.o(.text)
    TIM_DeInit                               0x080009a9   Thumb Code   424  stm32f10x_tim.o(.text)
    TIM_TimeBaseInit                         0x08000b51   Thumb Code   122  stm32f10x_tim.o(.text)
    TIM_OC1Init                              0x08000bcb   Thumb Code   132  stm32f10x_tim.o(.text)
    TIM_OC2Init                              0x08000c4f   Thumb Code   154  stm32f10x_tim.o(.text)
    TIM_OC3Init                              0x08000ce9   Thumb Code   150  stm32f10x_tim.o(.text)
    TIM_OC4Init                              0x08000d7f   Thumb Code   182  stm32f10x_tim.o(.text)
    TIM_SetIC4Prescaler                      0x08000e35   Thumb Code    26  stm32f10x_tim.o(.text)
    TIM_SetIC3Prescaler                      0x08000ed1   Thumb Code    18  stm32f10x_tim.o(.text)
    TIM_SetIC2Prescaler                      0x08000f5d   Thumb Code    26  stm32f10x_tim.o(.text)
    TIM_SetIC1Prescaler                      0x08000ff9   Thumb Code    18  stm32f10x_tim.o(.text)
    TIM_ICInit                               0x08001077   Thumb Code   150  stm32f10x_tim.o(.text)
    TIM_PWMIConfig                           0x0800110d   Thumb Code   124  stm32f10x_tim.o(.text)
    TIM_BDTRConfig                           0x08001189   Thumb Code    32  stm32f10x_tim.o(.text)
    TIM_TimeBaseStructInit                   0x080011a9   Thumb Code    18  stm32f10x_tim.o(.text)
    TIM_OCStructInit                         0x080011bb   Thumb Code    20  stm32f10x_tim.o(.text)
    TIM_ICStructInit                         0x080011cf   Thumb Code    18  stm32f10x_tim.o(.text)
    TIM_BDTRStructInit                       0x080011e1   Thumb Code    40  stm32f10x_tim.o(.text)
    TIM_Cmd                                  0x08001209   Thumb Code    24  stm32f10x_tim.o(.text)
    TIM_CtrlPWMOutputs                       0x08001221   Thumb Code    30  stm32f10x_tim.o(.text)
    TIM_ITConfig                             0x0800123f   Thumb Code    18  stm32f10x_tim.o(.text)
    TIM_GenerateEvent                        0x08001251   Thumb Code     4  stm32f10x_tim.o(.text)
    TIM_DMAConfig                            0x08001255   Thumb Code    10  stm32f10x_tim.o(.text)
    TIM_DMACmd                               0x0800125f   Thumb Code    18  stm32f10x_tim.o(.text)
    TIM_InternalClockConfig                  0x08001271   Thumb Code    12  stm32f10x_tim.o(.text)
    TIM_SelectInputTrigger                   0x0800127d   Thumb Code    18  stm32f10x_tim.o(.text)
    TIM_ITRxExternalClockConfig              0x0800128f   Thumb Code    24  stm32f10x_tim.o(.text)
    TIM_TIxExternalClockConfig               0x080012a7   Thumb Code    62  stm32f10x_tim.o(.text)
    TIM_ETRConfig                            0x080012e5   Thumb Code    28  stm32f10x_tim.o(.text)
    TIM_ETRClockMode1Config                  0x08001301   Thumb Code    54  stm32f10x_tim.o(.text)
    TIM_ETRClockMode2Config                  0x08001337   Thumb Code    32  stm32f10x_tim.o(.text)
    TIM_PrescalerConfig                      0x08001357   Thumb Code     6  stm32f10x_tim.o(.text)
    TIM_CounterModeConfig                    0x0800135d   Thumb Code    18  stm32f10x_tim.o(.text)
    TIM_EncoderInterfaceConfig               0x0800136f   Thumb Code    66  stm32f10x_tim.o(.text)
    TIM_ForcedOC1Config                      0x080013b1   Thumb Code    18  stm32f10x_tim.o(.text)
    TIM_ForcedOC2Config                      0x080013c3   Thumb Code    26  stm32f10x_tim.o(.text)
    TIM_ForcedOC3Config                      0x080013dd   Thumb Code    18  stm32f10x_tim.o(.text)
    TIM_ForcedOC4Config                      0x080013ef   Thumb Code    26  stm32f10x_tim.o(.text)
    TIM_ARRPreloadConfig                     0x08001409   Thumb Code    24  stm32f10x_tim.o(.text)
    TIM_SelectCOM                            0x08001421   Thumb Code    24  stm32f10x_tim.o(.text)
    TIM_SelectCCDMA                          0x08001439   Thumb Code    24  stm32f10x_tim.o(.text)
    TIM_CCPreloadControl                     0x08001451   Thumb Code    24  stm32f10x_tim.o(.text)
    TIM_OC1PreloadConfig                     0x08001469   Thumb Code    18  stm32f10x_tim.o(.text)
    TIM_OC2PreloadConfig                     0x0800147b   Thumb Code    26  stm32f10x_tim.o(.text)
    TIM_OC3PreloadConfig                     0x08001495   Thumb Code    18  stm32f10x_tim.o(.text)
    TIM_OC4PreloadConfig                     0x080014a7   Thumb Code    26  stm32f10x_tim.o(.text)
    TIM_OC1FastConfig                        0x080014c1   Thumb Code    18  stm32f10x_tim.o(.text)
    TIM_OC2FastConfig                        0x080014d3   Thumb Code    26  stm32f10x_tim.o(.text)
    TIM_OC3FastConfig                        0x080014ed   Thumb Code    18  stm32f10x_tim.o(.text)
    TIM_OC4FastConfig                        0x080014ff   Thumb Code    26  stm32f10x_tim.o(.text)
    TIM_ClearOC1Ref                          0x08001519   Thumb Code    18  stm32f10x_tim.o(.text)
    TIM_ClearOC2Ref                          0x0800152b   Thumb Code    24  stm32f10x_tim.o(.text)
    TIM_ClearOC3Ref                          0x08001543   Thumb Code    18  stm32f10x_tim.o(.text)
    TIM_ClearOC4Ref                          0x08001555   Thumb Code    24  stm32f10x_tim.o(.text)
    TIM_OC1PolarityConfig                    0x0800156d   Thumb Code    18  stm32f10x_tim.o(.text)
    TIM_OC1NPolarityConfig                   0x0800157f   Thumb Code    18  stm32f10x_tim.o(.text)
    TIM_OC2PolarityConfig                    0x08001591   Thumb Code    26  stm32f10x_tim.o(.text)
    TIM_OC2NPolarityConfig                   0x080015ab   Thumb Code    26  stm32f10x_tim.o(.text)
    TIM_OC3PolarityConfig                    0x080015c5   Thumb Code    26  stm32f10x_tim.o(.text)
    TIM_OC3NPolarityConfig                   0x080015df   Thumb Code    26  stm32f10x_tim.o(.text)
    TIM_OC4PolarityConfig                    0x080015f9   Thumb Code    26  stm32f10x_tim.o(.text)
    TIM_CCxCmd                               0x08001613   Thumb Code    30  stm32f10x_tim.o(.text)
    TIM_CCxNCmd                              0x08001631   Thumb Code    30  stm32f10x_tim.o(.text)
    TIM_SelectOCxM                           0x0800164f   Thumb Code    82  stm32f10x_tim.o(.text)
    TIM_UpdateDisableConfig                  0x080016a1   Thumb Code    24  stm32f10x_tim.o(.text)
    TIM_UpdateRequestConfig                  0x080016b9   Thumb Code    24  stm32f10x_tim.o(.text)
    TIM_SelectHallSensor                     0x080016d1   Thumb Code    24  stm32f10x_tim.o(.text)
    TIM_SelectOnePulseMode                   0x080016e9   Thumb Code    18  stm32f10x_tim.o(.text)
    TIM_SelectOutputTrigger                  0x080016fb   Thumb Code    18  stm32f10x_tim.o(.text)
    TIM_SelectSlaveMode                      0x0800170d   Thumb Code    18  stm32f10x_tim.o(.text)
    TIM_SelectMasterSlaveMode                0x0800171f   Thumb Code    18  stm32f10x_tim.o(.text)
    TIM_SetCounter                           0x08001731   Thumb Code     4  stm32f10x_tim.o(.text)
    TIM_SetAutoreload                        0x08001735   Thumb Code     4  stm32f10x_tim.o(.text)
    TIM_SetCompare1                          0x08001739   Thumb Code     4  stm32f10x_tim.o(.text)
    TIM_SetCompare2                          0x0800173d   Thumb Code     4  stm32f10x_tim.o(.text)
    TIM_SetCompare3                          0x08001741   Thumb Code     4  stm32f10x_tim.o(.text)
    TIM_SetCompare4                          0x08001745   Thumb Code     6  stm32f10x_tim.o(.text)
    TIM_SetClockDivision                     0x0800174b   Thumb Code    18  stm32f10x_tim.o(.text)
    TIM_GetCapture1                          0x0800175d   Thumb Code     6  stm32f10x_tim.o(.text)
    TIM_GetCapture2                          0x08001763   Thumb Code     6  stm32f10x_tim.o(.text)
    TIM_GetCapture3                          0x08001769   Thumb Code     6  stm32f10x_tim.o(.text)
    TIM_GetCapture4                          0x0800176f   Thumb Code     8  stm32f10x_tim.o(.text)
    TIM_GetCounter                           0x08001777   Thumb Code     6  stm32f10x_tim.o(.text)
    TIM_GetPrescaler                         0x0800177d   Thumb Code     6  stm32f10x_tim.o(.text)
    TIM_GetFlagStatus                        0x08001783   Thumb Code    18  stm32f10x_tim.o(.text)
    TIM_ClearFlag                            0x08001795   Thumb Code     6  stm32f10x_tim.o(.text)
    TIM_GetITStatus                          0x0800179b   Thumb Code    34  stm32f10x_tim.o(.text)
    TIM_ClearITPendingBit                    0x080017bd   Thumb Code     6  stm32f10x_tim.o(.text)
    RCC_DeInit                               0x080017c5   Thumb Code    64  stm32f10x_rcc.o(.text)
    RCC_HSEConfig                            0x08001805   Thumb Code    70  stm32f10x_rcc.o(.text)
    RCC_GetFlagStatus                        0x0800184b   Thumb Code    56  stm32f10x_rcc.o(.text)
    RCC_WaitForHSEStartUp                    0x08001883   Thumb Code    56  stm32f10x_rcc.o(.text)
    RCC_AdjustHSICalibrationValue            0x080018bb   Thumb Code    20  stm32f10x_rcc.o(.text)
    RCC_HSICmd                               0x080018cf   Thumb Code     6  stm32f10x_rcc.o(.text)
    RCC_PLLConfig                            0x080018d5   Thumb Code    24  stm32f10x_rcc.o(.text)
    RCC_PLLCmd                               0x080018ed   Thumb Code     6  stm32f10x_rcc.o(.text)
    RCC_SYSCLKConfig                         0x080018f3   Thumb Code    18  stm32f10x_rcc.o(.text)
    RCC_GetSYSCLKSource                      0x08001905   Thumb Code    10  stm32f10x_rcc.o(.text)
    RCC_HCLKConfig                           0x0800190f   Thumb Code    18  stm32f10x_rcc.o(.text)
    RCC_PCLK1Config                          0x08001921   Thumb Code    18  stm32f10x_rcc.o(.text)
    RCC_PCLK2Config                          0x08001933   Thumb Code    20  stm32f10x_rcc.o(.text)
    RCC_ITConfig                             0x08001947   Thumb Code    26  stm32f10x_rcc.o(.text)
    RCC_USBCLKConfig                         0x08001961   Thumb Code     8  stm32f10x_rcc.o(.text)
    RCC_ADCCLKConfig                         0x08001969   Thumb Code    18  stm32f10x_rcc.o(.text)
    RCC_LSEConfig                            0x0800197b   Thumb Code    50  stm32f10x_rcc.o(.text)
    RCC_LSICmd                               0x080019ad   Thumb Code     6  stm32f10x_rcc.o(.text)
    RCC_RTCCLKConfig                         0x080019b3   Thumb Code    12  stm32f10x_rcc.o(.text)
    RCC_RTCCLKCmd                            0x080019bf   Thumb Code     8  stm32f10x_rcc.o(.text)
    RCC_GetClocksFreq                        0x080019c7   Thumb Code   192  stm32f10x_rcc.o(.text)
    RCC_AHBPeriphClockCmd                    0x08001a87   Thumb Code    26  stm32f10x_rcc.o(.text)
    RCC_APB2PeriphClockCmd                   0x08001aa1   Thumb Code    26  stm32f10x_rcc.o(.text)
    RCC_APB1PeriphClockCmd                   0x08001abb   Thumb Code    26  stm32f10x_rcc.o(.text)
    RCC_APB2PeriphResetCmd                   0x08001ad5   Thumb Code    26  stm32f10x_rcc.o(.text)
    RCC_APB1PeriphResetCmd                   0x08001aef   Thumb Code    26  stm32f10x_rcc.o(.text)
    RCC_BackupResetCmd                       0x08001b09   Thumb Code     8  stm32f10x_rcc.o(.text)
    RCC_ClockSecuritySystemCmd               0x08001b11   Thumb Code     6  stm32f10x_rcc.o(.text)
    RCC_MCOConfig                            0x08001b17   Thumb Code     6  stm32f10x_rcc.o(.text)
    RCC_ClearFlag                            0x08001b1d   Thumb Code    14  stm32f10x_rcc.o(.text)
    RCC_GetITStatus                          0x08001b2b   Thumb Code    20  stm32f10x_rcc.o(.text)
    RCC_ClearITPendingBit                    0x08001b3f   Thumb Code     6  stm32f10x_rcc.o(.text)
    USART_DeInit                             0x08001b69   Thumb Code   134  stm32f10x_usart.o(.text)
    USART_Init                               0x08001bef   Thumb Code   210  stm32f10x_usart.o(.text)
    USART_StructInit                         0x08001cc1   Thumb Code    24  stm32f10x_usart.o(.text)
    USART_ClockInit                          0x08001cd9   Thumb Code    34  stm32f10x_usart.o(.text)
    USART_ClockStructInit                    0x08001cfb   Thumb Code    12  stm32f10x_usart.o(.text)
    USART_Cmd                                0x08001d07   Thumb Code    24  stm32f10x_usart.o(.text)
    USART_ITConfig                           0x08001d1f   Thumb Code    74  stm32f10x_usart.o(.text)
    USART_DMACmd                             0x08001d69   Thumb Code    18  stm32f10x_usart.o(.text)
    USART_SetAddress                         0x08001d7b   Thumb Code    18  stm32f10x_usart.o(.text)
    USART_WakeUpConfig                       0x08001d8d   Thumb Code    18  stm32f10x_usart.o(.text)
    USART_ReceiverWakeUpCmd                  0x08001d9f   Thumb Code    24  stm32f10x_usart.o(.text)
    USART_LINBreakDetectLengthConfig         0x08001db7   Thumb Code    18  stm32f10x_usart.o(.text)
    USART_LINCmd                             0x08001dc9   Thumb Code    24  stm32f10x_usart.o(.text)
    USART_SendData                           0x08001de1   Thumb Code     8  stm32f10x_usart.o(.text)
    USART_ReceiveData                        0x08001de9   Thumb Code    10  stm32f10x_usart.o(.text)
    USART_SendBreak                          0x08001df3   Thumb Code    10  stm32f10x_usart.o(.text)
    USART_SetGuardTime                       0x08001dfd   Thumb Code    16  stm32f10x_usart.o(.text)
    USART_SetPrescaler                       0x08001e0d   Thumb Code    16  stm32f10x_usart.o(.text)
    USART_SmartCardCmd                       0x08001e1d   Thumb Code    24  stm32f10x_usart.o(.text)
    USART_SmartCardNACKCmd                   0x08001e35   Thumb Code    24  stm32f10x_usart.o(.text)
    USART_HalfDuplexCmd                      0x08001e4d   Thumb Code    24  stm32f10x_usart.o(.text)
    USART_OverSampling8Cmd                   0x08001e65   Thumb Code    22  stm32f10x_usart.o(.text)
    USART_OneBitMethodCmd                    0x08001e7b   Thumb Code    24  stm32f10x_usart.o(.text)
    USART_IrDAConfig                         0x08001e93   Thumb Code    18  stm32f10x_usart.o(.text)
    USART_IrDACmd                            0x08001ea5   Thumb Code    24  stm32f10x_usart.o(.text)
    USART_GetFlagStatus                      0x08001ebd   Thumb Code    26  stm32f10x_usart.o(.text)
    USART_ClearFlag                          0x08001ed7   Thumb Code    18  stm32f10x_usart.o(.text)
    USART_GetITStatus                        0x08001ee9   Thumb Code    84  stm32f10x_usart.o(.text)
    USART_ClearITPendingBit                  0x08001f3d   Thumb Code    52  stm32f10x_usart.o(.text)
    delay_init                               0x08001f71   Thumb Code    50  delay.o(.text)
    delay_us                                 0x08001fa3   Thumb Code    72  delay.o(.text)
    delay_ms                                 0x08001feb   Thumb Code    72  delay.o(.text)
    _sys_exit                                0x08002045   Thumb Code     6  usart.o(.text)
    fputc                                    0x0800204b   Thumb Code    24  usart.o(.text)
    uart_init                                0x08002063   Thumb Code   152  usart.o(.text)
    USART1_IRQHandler                        0x080020fb   Thumb Code   122  usart.o(.text)
    show_num_time                            0x08002185   Thumb Code   208  clock.o(.text)
    calendar_circle_clock_showtime           0x08002255   Thumb Code  2750  clock.o(.text)
    calendar_circle_clock_drawpanel          0x08002d13   Thumb Code  1622  clock.o(.text)
    settime                                  0x08003369   Thumb Code   144  clock.o(.text)
    Clock_Init                               0x080033f9   Thumb Code    82  clock.o(.text)
    update_to_time                           0x0800344b   Thumb Code   430  clock.o(.text)
    deal_change_time                         0x080035f9   Thumb Code   612  clock.o(.text)
    EXTIX_Init                               0x08003869   Thumb Code   212  exti.o(.text)
    EXTI0_IRQHandler                         0x0800393d   Thumb Code    66  exti.o(.text)
    EXTI9_5_IRQHandler                       0x0800397f   Thumb Code    32  exti.o(.text)
    EXTI15_10_IRQHandler                     0x0800399f   Thumb Code    36  exti.o(.text)
    _gui_draw_point                          0x080039d1   Thumb Code    32  base_1.o(.text)
    gui_init                                 0x080039f1   Thumb Code    98  base_1.o(.text)
    gui_pow                                  0x08003a53   Thumb Code    42  base_1.o(.text)
    gui_disabs                               0x08003a7d   Thumb Code    14  base_1.o(.text)
    gui_alpha_blend565                       0x08003a8b   Thumb Code    42  base_1.o(.text)
    gui_alphablend_area                      0x08003ab5   Thumb Code    88  base_1.o(.text)
    gui_color_chg                            0x08003b0d   Thumb Code    26  base_1.o(.text)
    gui_draw_bigpoint                        0x08003b27   Thumb Code    82  base_1.o(.text)
    gui_draw_line                            0x08003b79   Thumb Code   174  base_1.o(.text)
    gui_draw_hline                           0x08003c27   Thumb Code    56  base_1.o(.text)
    gui_fill_circle                          0x08003c5f   Thumb Code   176  base_1.o(.text)
    gui_draw_bline                           0x08003d0f   Thumb Code   266  base_1.o(.text)
    gui_draw_bline1                          0x08003e19   Thumb Code   358  base_1.o(.text)
    gui_draw_vline                           0x08003f7f   Thumb Code    56  base_1.o(.text)
    gui_fill_colorblock                      0x08003fb7   Thumb Code    98  base_1.o(.text)
    gui_smooth_color                         0x08004019   Thumb Code   140  base_1.o(.text)
    gui_draw_rectangle                       0x080040a5   Thumb Code    76  base_1.o(.text)
    gui_draw_expoint                         0x080040f1   Thumb Code    62  base_1.o(.text)
    gui_draw_circle8                         0x0800412f   Thumb Code   232  base_1.o(.text)
    gui_draw_arc                             0x08004217   Thumb Code   112  base_1.o(.text)
    gui_fill_rectangle                       0x08004287   Thumb Code    56  base_1.o(.text)
    gui_draw_arcrectangle                    0x080042bf   Thumb Code   674  base_1.o(.text)
    gui_draw_ellipse                         0x08004561   Thumb Code   334  base_1.o(.text)
    gui_fill_ellipse                         0x080046af   Thumb Code   162  base_1.o(.text)
    Key_Stat_Init                            0x08004751   Thumb Code    16  key.o(.text)
    KEY_Init                                 0x08004761   Thumb Code    86  key.o(.text)
    KEY_Scan                                 0x080047b7   Thumb Code   154  key.o(.text)
    LCD_WR_REG                               0x08004865   Thumb Code    28  lcd.o(.text)
    LCD_WR_DATAX                             0x08004881   Thumb Code    28  lcd.o(.text)
    LCD_RD_DATA                              0x0800489d   Thumb Code    98  lcd.o(.text)
    LCD_WriteReg                             0x080048ff   Thumb Code    40  lcd.o(.text)
    LCD_ReadReg                              0x08004927   Thumb Code    16  lcd.o(.text)
    LCD_WriteRAM_Prepare                     0x08004937   Thumb Code    12  lcd.o(.text)
    LCD_WriteRAM                             0x08004943   Thumb Code    28  lcd.o(.text)
    LCD_BGR2RGB                              0x0800495f   Thumb Code    26  lcd.o(.text)
    opt_delay                                0x08004979   Thumb Code    14  lcd.o(.text)
    LCD_SetCursor                            0x08004987   Thumb Code   956  lcd.o(.text)
    LCD_ReadPoint                            0x08004d43   Thumb Code   506  lcd.o(.text)
    LCD_DisplayOn                            0x08004f3d   Thumb Code    92  lcd.o(.text)
    LCD_DisplayOff                           0x08004f99   Thumb Code    90  lcd.o(.text)
    LCD_Scan_Dir                             0x08004ff3   Thumb Code  1126  lcd.o(.text)
    LCD_DrawPoint                            0x08005459   Thumb Code    52  lcd.o(.text)
    LCD_Fast_DrawPoint                       0x0800548d   Thumb Code   854  lcd.o(.text)
    LCD_SSD_BackLightSet                     0x080057e3   Thumb Code   220  lcd.o(.text)
    LCD_Display_Dir                          0x080058bf   Thumb Code   444  lcd.o(.text)
    LCD_Set_Window                           0x08005a7b   Thumb Code  1078  lcd.o(.text)
    LCD_Clear                                0x08005eb1   Thumb Code   122  lcd.o(.text)
    LCD_Init                                 0x08005f2b   Thumb Code 15298  lcd.o(.text)
    LCD_Fill                                 0x08009aed   Thumb Code   200  lcd.o(.text)
    LCD_Color_Fill                           0x08009bb5   Thumb Code   116  lcd.o(.text)
    LCD_DrawLine                             0x08009c29   Thumb Code   176  lcd.o(.text)
    LCD_DrawRectangle                        0x08009cd9   Thumb Code    60  lcd.o(.text)
    LCD_Draw_Circle                          0x08009d15   Thumb Code   152  lcd.o(.text)
    LCD_ShowChar                             0x08009dad   Thumb Code   272  lcd.o(.text)
    LCD_Pow                                  0x08009ebd   Thumb Code    22  lcd.o(.text)
    LCD_ShowNum                              0x08009ed3   Thumb Code   180  lcd.o(.text)
    LCD_ShowxNum                             0x08009f87   Thumb Code   190  lcd.o(.text)
    LCD_ShowString                           0x0800a045   Thumb Code   102  lcd.o(.text)
    TIM3_Init                                0x0800a0ad   Thumb Code    90  timer.o(.text)
    TIM3_IRQHandler                          0x0800a107   Thumb Code    76  timer.o(.text)
    __use_no_semihosting                     0x0800a161   Thumb Code     2  use_no_semi_2.o(.text)
    __2printf                                0x0800a165   Thumb Code    20  noretval__2printf.o(.text)
    __printf                                 0x0800a17d   Thumb Code   104  __printf.o(.text)
    _printf_int_hex                          0x0800a1e5   Thumb Code    84  _printf_hex_int.o(.text)
    _printf_longlong_hex                     0x0800a1e5   Thumb Code     0  _printf_hex_int.o(.text)
    __aeabi_memcpy4                          0x0800a23d   Thumb Code     0  rt_memcpy_w.o(.text)
    __aeabi_memcpy8                          0x0800a23d   Thumb Code     0  rt_memcpy_w.o(.text)
    __rt_memcpy_w                            0x0800a23d   Thumb Code   100  rt_memcpy_w.o(.text)
    _memcpy_lastbytes_aligned                0x0800a285   Thumb Code     0  rt_memcpy_w.o(.text)
    __use_two_region_memory                  0x0800a2a1   Thumb Code     2  heapauxi.o(.text)
    __rt_heap_escrow$2region                 0x0800a2a3   Thumb Code     2  heapauxi.o(.text)
    __rt_heap_expand$2region                 0x0800a2a5   Thumb Code     2  heapauxi.o(.text)
    __I$use$semihosting                      0x0800a2a7   Thumb Code     0  use_no_semi.o(.text)
    __use_no_semihosting_swi                 0x0800a2a7   Thumb Code     2  use_no_semi.o(.text)
    __read_errno                             0x0800a2a9   Thumb Code    10  _rserrno.o(.text)
    __set_errno                              0x0800a2b3   Thumb Code    12  _rserrno.o(.text)
    _printf_int_common                       0x0800a2bf   Thumb Code   178  _printf_intcommon.o(.text)
    _printf_char_file                        0x0800a371   Thumb Code    32  _printf_char_file.o(.text)
    __aeabi_errno_addr                       0x0800a395   Thumb Code     8  rt_errno_addr_intlibspace.o(.text)
    __errno$intlibspace                      0x0800a395   Thumb Code     0  rt_errno_addr_intlibspace.o(.text)
    __rt_errno_addr$intlibspace              0x0800a395   Thumb Code     0  rt_errno_addr_intlibspace.o(.text)
    _printf_char_common                      0x0800a3a7   Thumb Code    32  _printf_char_common.o(.text)
    ferror                                   0x0800a3cd   Thumb Code     8  ferror.o(.text)
    __user_libspace                          0x0800a3d5   Thumb Code     8  libspace.o(.text)
    __user_perproc_libspace                  0x0800a3d5   Thumb Code     0  libspace.o(.text)
    __user_perthread_libspace                0x0800a3d5   Thumb Code     0  libspace.o(.text)
    __user_setup_stackheap                   0x0800a3dd   Thumb Code    74  sys_stackheap_outer.o(.text)
    exit                                     0x0800a427   Thumb Code    12  exit.o(.text)
    __ARM_fpclassify                         0x0800a433   Thumb Code    40  fpclassify.o(i.__ARM_fpclassify)
    __ieee754_rem_pio2                       0x0800a45d   Thumb Code   828  rred.o(i.__ieee754_rem_pio2)
    __kernel_cos                             0x0800a7e5   Thumb Code   230  cos_i.o(i.__kernel_cos)
    __kernel_poly                            0x0800a8e1   Thumb Code   170  poly.o(i.__kernel_poly)
    __kernel_sin                             0x0800a98d   Thumb Code   224  sin_i.o(i.__kernel_sin)
    __mathlib_dbl_infnan                     0x0800aa79   Thumb Code     6  dunder.o(i.__mathlib_dbl_infnan)
    __mathlib_dbl_invalid                    0x0800aa7f   Thumb Code    12  dunder.o(i.__mathlib_dbl_invalid)
    __mathlib_dbl_underflow                  0x0800aa8d   Thumb Code    10  dunder.o(i.__mathlib_dbl_underflow)
    cos                                      0x0800aa9d   Thumb Code   148  cos.o(i.cos)
    sin                                      0x0800ab39   Thumb Code   150  sin.o(i.sin)
    __aeabi_dadd                             0x0800abd9   Thumb Code     0  daddsub_clz.o(x$fpl$dadd)
    _dadd                                    0x0800abd9   Thumb Code   332  daddsub_clz.o(x$fpl$dadd)
    __fpl_dcheck_NaN1                        0x0800ad29   Thumb Code    10  dcheck1.o(x$fpl$dcheck1)
    __aeabi_ddiv                             0x0800ad39   Thumb Code     0  ddiv.o(x$fpl$ddiv)
    _ddiv                                    0x0800ad39   Thumb Code   552  ddiv.o(x$fpl$ddiv)
    __aeabi_d2iz                             0x0800afe9   Thumb Code     0  dfix.o(x$fpl$dfix)
    _dfix                                    0x0800afe9   Thumb Code    94  dfix.o(x$fpl$dfix)
    __aeabi_d2uiz                            0x0800b049   Thumb Code     0  dfixu.o(x$fpl$dfixu)
    _dfixu                                   0x0800b049   Thumb Code    90  dfixu.o(x$fpl$dfixu)
    __aeabi_i2d                              0x0800b0a3   Thumb Code     0  dflt_clz.o(x$fpl$dflt)
    _dflt                                    0x0800b0a3   Thumb Code    46  dflt_clz.o(x$fpl$dflt)
    __aeabi_ui2d                             0x0800b0d1   Thumb Code     0  dflt_clz.o(x$fpl$dfltu)
    _dfltu                                   0x0800b0d1   Thumb Code    38  dflt_clz.o(x$fpl$dfltu)
    __aeabi_dmul                             0x0800b0f9   Thumb Code     0  dmul.o(x$fpl$dmul)
    _dmul                                    0x0800b0f9   Thumb Code   332  dmul.o(x$fpl$dmul)
    __fpl_dnaninf                            0x0800b24d   Thumb Code   156  dnaninf.o(x$fpl$dnaninf)
    __fpl_dretinf                            0x0800b2e9   Thumb Code    12  dretinf.o(x$fpl$dretinf)
    __aeabi_drsub                            0x0800b2f5   Thumb Code     0  daddsub_clz.o(x$fpl$drsb)
    _drsb                                    0x0800b2f5   Thumb Code    22  daddsub_clz.o(x$fpl$drsb)
    __aeabi_dsub                             0x0800b30d   Thumb Code     0  daddsub_clz.o(x$fpl$dsub)
    _dsub                                    0x0800b30d   Thumb Code   464  daddsub_clz.o(x$fpl$dsub)
    __aeabi_f2d                              0x0800b4e1   Thumb Code     0  f2d.o(x$fpl$f2d)
    _f2d                                     0x0800b4e1   Thumb Code    86  f2d.o(x$fpl$f2d)
    __aeabi_fadd                             0x0800b539   Thumb Code     0  faddsub_clz.o(x$fpl$fadd)
    _fadd                                    0x0800b539   Thumb Code   196  faddsub_clz.o(x$fpl$fadd)
    __aeabi_fdiv                             0x0800b5fd   Thumb Code     0  fdiv.o(x$fpl$fdiv)
    _fdiv                                    0x0800b5fd   Thumb Code   384  fdiv.o(x$fpl$fdiv)
    __aeabi_ui2f                             0x0800b781   Thumb Code     0  fflt_clz.o(x$fpl$ffltu)
    _ffltu                                   0x0800b781   Thumb Code    38  fflt_clz.o(x$fpl$ffltu)
    __fpl_fnaninf                            0x0800b7a7   Thumb Code   140  fnaninf.o(x$fpl$fnaninf)
    __fpl_fretinf                            0x0800b833   Thumb Code    10  fretinf.o(x$fpl$fretinf)
    __aeabi_fsub                             0x0800b83d   Thumb Code     0  faddsub_clz.o(x$fpl$fsub)
    _fsub                                    0x0800b83d   Thumb Code   234  faddsub_clz.o(x$fpl$fsub)
    __fpl_return_NaN                         0x0800b927   Thumb Code   100  retnan.o(x$fpl$retnan)
    __ARM_scalbn                             0x0800b98b   Thumb Code    92  scalbn.o(x$fpl$scalbn)
    __fpl_cmpreturn                          0x0800b9e7   Thumb Code    48  trapv.o(x$fpl$trapveneer)
    __I$use$fp                               0x0800ba16   Number         0  usenofp.o(x$fpl$usenofp)
    asc2_1206                                0x0800ba48   Data        1140  lcd.o(.constdata)
    asc2_1608                                0x0800bebc   Data        1520  lcd.o(.constdata)
    asc2_2412                                0x0800c4ac   Data        3420  lcd.o(.constdata)
    Region$$Table$$Base                      0x0800d350   Number         0  anon$$obj.o(Region$$Table)
    Region$$Table$$Limit                     0x0800d370   Number         0  anon$$obj.o(Region$$Table)
    SystemCoreClock                          0x20000000   Data           4  system_stm32f10x.o(.data)
    AHBPrescTable                            0x20000004   Data          16  system_stm32f10x.o(.data)
    __stdout                                 0x2000002c   Data           4  usart.o(.data)
    USART_RX_STA                             0x20000030   Data           2  usart.o(.data)
    POINT_COLOR                              0x20000036   Data           2  lcd.o(.data)
    BACK_COLOR                               0x20000038   Data           2  lcd.o(.data)
    KeyStat                                  0x2000003c   Data          12  main.o(.bss)
    tosettime                                0x20000048   Data          72  main.o(.bss)
    USART_RX_BUF                             0x20000090   Data         200  usart.o(.bss)
    gui_phy                                  0x20000158   Data          28  base_1.o(.bss)
    lcddev                                   0x20000174   Data          14  lcd.o(.bss)
    __libspace_start                         0x20000184   Data          96  libspace.o(.bss)
    __temporary_stack_top$libspace           0x200001e4   Data           0  libspace.o(.bss)



==============================================================================

Memory Map of the image

  Image Entry point : 0x08000131

  Load Region LR_IROM1 (Base: 0x08000000, Size: 0x0000d3ac, Max: 0x00040000, ABSOLUTE)

    Execution Region ER_IROM1 (Base: 0x08000000, Size: 0x0000d370, Max: 0x00040000, ABSOLUTE)

    Base Addr    Size         Type   Attr      Idx    E Section Name        Object

    0x08000000   0x00000130   Data   RO          220    RESET               startup_stm32f10x_hd.o
    0x08000130   0x00000008   Code   RO          546  * !!!main             c_w.l(__main.o)
    0x08000138   0x00000034   Code   RO          829    !!!scatter          c_w.l(__scatter.o)
    0x0800016c   0x0000001a   Code   RO          831    !!handler_copy      c_w.l(__scatter_copy.o)
    0x08000186   0x00000002   PAD
    0x08000188   0x0000001c   Code   RO          833    !!handler_zi        c_w.l(__scatter_zi.o)
    0x080001a4   0x00000000   Code   RO          541    .ARM.Collect$$_printf_percent$$00000000  c_w.l(_printf_percent.o)
    0x080001a4   0x00000006   Code   RO          540    .ARM.Collect$$_printf_percent$$0000000C  c_w.l(_printf_x.o)
    0x080001aa   0x00000004   Code   RO          609    .ARM.Collect$$_printf_percent$$00000017  c_w.l(_printf_percent_end.o)
    0x080001ae   0x00000002   Code   RO          701    .ARM.Collect$$libinit$$00000000  c_w.l(libinit.o)
    0x080001b0   0x00000000   Code   RO          707    .ARM.Collect$$libinit$$00000002  c_w.l(libinit2.o)
    0x080001b0   0x00000000   Code   RO          709    .ARM.Collect$$libinit$$00000004  c_w.l(libinit2.o)
    0x080001b0   0x00000000   Code   RO          712    .ARM.Collect$$libinit$$0000000A  c_w.l(libinit2.o)
    0x080001b0   0x00000000   Code   RO          714    .ARM.Collect$$libinit$$0000000C  c_w.l(libinit2.o)
    0x080001b0   0x00000000   Code   RO          716    .ARM.Collect$$libinit$$0000000E  c_w.l(libinit2.o)
    0x080001b0   0x00000000   Code   RO          719    .ARM.Collect$$libinit$$00000011  c_w.l(libinit2.o)
    0x080001b0   0x00000000   Code   RO          721    .ARM.Collect$$libinit$$00000013  c_w.l(libinit2.o)
    0x080001b0   0x00000000   Code   RO          723    .ARM.Collect$$libinit$$00000015  c_w.l(libinit2.o)
    0x080001b0   0x00000000   Code   RO          725    .ARM.Collect$$libinit$$00000017  c_w.l(libinit2.o)
    0x080001b0   0x00000000   Code   RO          727    .ARM.Collect$$libinit$$00000019  c_w.l(libinit2.o)
    0x080001b0   0x00000000   Code   RO          729    .ARM.Collect$$libinit$$0000001B  c_w.l(libinit2.o)
    0x080001b0   0x00000000   Code   RO          731    .ARM.Collect$$libinit$$0000001D  c_w.l(libinit2.o)
    0x080001b0   0x00000000   Code   RO          733    .ARM.Collect$$libinit$$0000001F  c_w.l(libinit2.o)
    0x080001b0   0x00000000   Code   RO          735    .ARM.Collect$$libinit$$00000021  c_w.l(libinit2.o)
    0x080001b0   0x00000000   Code   RO          737    .ARM.Collect$$libinit$$00000023  c_w.l(libinit2.o)
    0x080001b0   0x00000000   Code   RO          739    .ARM.Collect$$libinit$$00000025  c_w.l(libinit2.o)
    0x080001b0   0x00000000   Code   RO          743    .ARM.Collect$$libinit$$0000002C  c_w.l(libinit2.o)
    0x080001b0   0x00000000   Code   RO          745    .ARM.Collect$$libinit$$0000002E  c_w.l(libinit2.o)
    0x080001b0   0x00000000   Code   RO          747    .ARM.Collect$$libinit$$00000030  c_w.l(libinit2.o)
    0x080001b0   0x00000000   Code   RO          749    .ARM.Collect$$libinit$$00000032  c_w.l(libinit2.o)
    0x080001b0   0x00000002   Code   RO          750    .ARM.Collect$$libinit$$00000033  c_w.l(libinit2.o)
    0x080001b2   0x00000002   Code   RO          772    .ARM.Collect$$libshutdown$$00000000  c_w.l(libshutdown.o)
    0x080001b4   0x00000000   Code   RO          783    .ARM.Collect$$libshutdown$$00000003  c_w.l(libshutdown2.o)
    0x080001b4   0x00000000   Code   RO          786    .ARM.Collect$$libshutdown$$00000006  c_w.l(libshutdown2.o)
    0x080001b4   0x00000000   Code   RO          789    .ARM.Collect$$libshutdown$$00000009  c_w.l(libshutdown2.o)
    0x080001b4   0x00000000   Code   RO          791    .ARM.Collect$$libshutdown$$0000000B  c_w.l(libshutdown2.o)
    0x080001b4   0x00000000   Code   RO          794    .ARM.Collect$$libshutdown$$0000000E  c_w.l(libshutdown2.o)
    0x080001b4   0x00000002   Code   RO          795    .ARM.Collect$$libshutdown$$0000000F  c_w.l(libshutdown2.o)
    0x080001b6   0x00000000   Code   RO          602    .ARM.Collect$$rtentry$$00000000  c_w.l(__rtentry.o)
    0x080001b6   0x00000000   Code   RO          648    .ARM.Collect$$rtentry$$00000002  c_w.l(__rtentry2.o)
    0x080001b6   0x00000006   Code   RO          660    .ARM.Collect$$rtentry$$00000004  c_w.l(__rtentry4.o)
    0x080001bc   0x00000000   Code   RO          650    .ARM.Collect$$rtentry$$00000009  c_w.l(__rtentry2.o)
    0x080001bc   0x00000004   Code   RO          651    .ARM.Collect$$rtentry$$0000000A  c_w.l(__rtentry2.o)
    0x080001c0   0x00000000   Code   RO          653    .ARM.Collect$$rtentry$$0000000C  c_w.l(__rtentry2.o)
    0x080001c0   0x00000008   Code   RO          654    .ARM.Collect$$rtentry$$0000000D  c_w.l(__rtentry2.o)
    0x080001c8   0x00000002   Code   RO          704    .ARM.Collect$$rtexit$$00000000  c_w.l(rtexit.o)
    0x080001ca   0x00000000   Code   RO          754    .ARM.Collect$$rtexit$$00000002  c_w.l(rtexit2.o)
    0x080001ca   0x00000004   Code   RO          755    .ARM.Collect$$rtexit$$00000003  c_w.l(rtexit2.o)
    0x080001ce   0x00000006   Code   RO          756    .ARM.Collect$$rtexit$$00000004  c_w.l(rtexit2.o)
    0x080001d4   0x00000046   Code   RO            1    .text               main.o
    0x0800021a   0x0000001a   Code   RO          148    .text               stm32f10x_it.o
    0x08000234   0x000001e0   Code   RO          189    .text               system_stm32f10x.o
    0x08000414   0x00000040   Code   RO          221    .text               startup_stm32f10x_hd.o
    0x08000454   0x000000dc   Code   RO          225    .text               misc.o
    0x08000530   0x0000011c   Code   RO          237    .text               stm32f10x_exti.o
    0x0800064c   0x0000035c   Code   RO          261    .text               stm32f10x_gpio.o
    0x080009a8   0x00000e1a   Code   RO          285    .text               stm32f10x_tim.o
    0x080017c2   0x00000002   PAD
    0x080017c4   0x000003a4   Code   RO          297    .text               stm32f10x_rcc.o
    0x08001b68   0x00000408   Code   RO          311    .text               stm32f10x_usart.o
    0x08001f70   0x000000d4   Code   RO          323    .text               delay.o
    0x08002044   0x00000140   Code   RO          353    .text               usart.o
    0x08002184   0x000016e4   Code   RO          376    .text               clock.o
    0x08003868   0x00000168   Code   RO          404    .text               exti.o
    0x080039d0   0x00000d80   Code   RO          416    .text               base_1.o
    0x08004750   0x00000114   Code   RO          434    .text               key.o
    0x08004864   0x00005846   Code   RO          447    .text               lcd.o
    0x0800a0aa   0x00000002   PAD
    0x0800a0ac   0x000000b4   Code   RO          477    .text               timer.o
    0x0800a160   0x00000002   Code   RO          491    .text               c_w.l(use_no_semi_2.o)
    0x0800a162   0x00000002   PAD
    0x0800a164   0x00000018   Code   RO          495    .text               c_w.l(noretval__2printf.o)
    0x0800a17c   0x00000068   Code   RO          497    .text               c_w.l(__printf.o)
    0x0800a1e4   0x00000058   Code   RO          502    .text               c_w.l(_printf_hex_int.o)
    0x0800a23c   0x00000064   Code   RO          542    .text               c_w.l(rt_memcpy_w.o)
    0x0800a2a0   0x00000006   Code   RO          544    .text               c_w.l(heapauxi.o)
    0x0800a2a6   0x00000002   Code   RO          600    .text               c_w.l(use_no_semi.o)
    0x0800a2a8   0x00000016   Code   RO          603    .text               c_w.l(_rserrno.o)
    0x0800a2be   0x000000b2   Code   RO          605    .text               c_w.l(_printf_intcommon.o)
    0x0800a370   0x00000024   Code   RO          607    .text               c_w.l(_printf_char_file.o)
    0x0800a394   0x00000008   Code   RO          665    .text               c_w.l(rt_errno_addr_intlibspace.o)
    0x0800a39c   0x00000030   Code   RO          667    .text               c_w.l(_printf_char_common.o)
    0x0800a3cc   0x00000008   Code   RO          669    .text               c_w.l(ferror.o)
    0x0800a3d4   0x00000008   Code   RO          687    .text               c_w.l(libspace.o)
    0x0800a3dc   0x0000004a   Code   RO          690    .text               c_w.l(sys_stackheap_outer.o)
    0x0800a426   0x0000000c   Code   RO          694    .text               c_w.l(exit.o)
    0x0800a432   0x00000028   Code   RO          683    i.__ARM_fpclassify  m_ws.l(fpclassify.o)
    0x0800a45a   0x00000002   PAD
    0x0800a45c   0x00000388   Code   RO          636    i.__ieee754_rem_pio2  m_ws.l(rred.o)
    0x0800a7e4   0x000000fc   Code   RO          619    i.__kernel_cos      m_ws.l(cos_i.o)
    0x0800a8e0   0x000000aa   Code   RO          685    i.__kernel_poly     m_ws.l(poly.o)
    0x0800a98a   0x00000002   PAD
    0x0800a98c   0x000000ec   Code   RO          641    i.__kernel_sin      m_ws.l(sin_i.o)
    0x0800aa78   0x00000006   Code   RO          623    i.__mathlib_dbl_infnan  m_ws.l(dunder.o)
    0x0800aa7e   0x0000000c   Code   RO          625    i.__mathlib_dbl_invalid  m_ws.l(dunder.o)
    0x0800aa8a   0x00000002   PAD
    0x0800aa8c   0x00000010   Code   RO          628    i.__mathlib_dbl_underflow  m_ws.l(dunder.o)
    0x0800aa9c   0x0000009c   Code   RO          585    i.cos               m_ws.l(cos.o)
    0x0800ab38   0x000000a0   Code   RO          593    i.sin               m_ws.l(sin.o)
    0x0800abd8   0x00000150   Code   RO          548    x$fpl$dadd          fz_ws.l(daddsub_clz.o)
    0x0800ad28   0x00000010   Code   RO          702    x$fpl$dcheck1       fz_ws.l(dcheck1.o)
    0x0800ad38   0x000002b0   Code   RO          674    x$fpl$ddiv          fz_ws.l(ddiv.o)
    0x0800afe8   0x0000005e   Code   RO          677    x$fpl$dfix          fz_ws.l(dfix.o)
    0x0800b046   0x00000002   PAD
    0x0800b048   0x0000005a   Code   RO          554    x$fpl$dfixu         fz_ws.l(dfixu.o)
    0x0800b0a2   0x0000002e   Code   RO          559    x$fpl$dflt          fz_ws.l(dflt_clz.o)
    0x0800b0d0   0x00000026   Code   RO          558    x$fpl$dfltu         fz_ws.l(dflt_clz.o)
    0x0800b0f6   0x00000002   PAD
    0x0800b0f8   0x00000154   Code   RO          564    x$fpl$dmul          fz_ws.l(dmul.o)
    0x0800b24c   0x0000009c   Code   RO          610    x$fpl$dnaninf       fz_ws.l(dnaninf.o)
    0x0800b2e8   0x0000000c   Code   RO          612    x$fpl$dretinf       fz_ws.l(dretinf.o)
    0x0800b2f4   0x00000016   Code   RO          549    x$fpl$drsb          fz_ws.l(daddsub_clz.o)
    0x0800b30a   0x00000002   PAD
    0x0800b30c   0x000001d4   Code   RO          550    x$fpl$dsub          fz_ws.l(daddsub_clz.o)
    0x0800b4e0   0x00000056   Code   RO          566    x$fpl$f2d           fz_ws.l(f2d.o)
    0x0800b536   0x00000002   PAD
    0x0800b538   0x000000c4   Code   RO          568    x$fpl$fadd          fz_ws.l(faddsub_clz.o)
    0x0800b5fc   0x00000184   Code   RO          575    x$fpl$fdiv          fz_ws.l(fdiv.o)
    0x0800b780   0x00000026   Code   RO          578    x$fpl$ffltu         fz_ws.l(fflt_clz.o)
    0x0800b7a6   0x0000008c   Code   RO          614    x$fpl$fnaninf       fz_ws.l(fnaninf.o)
    0x0800b832   0x0000000a   Code   RO          616    x$fpl$fretinf       fz_ws.l(fretinf.o)
    0x0800b83c   0x000000ea   Code   RO          570    x$fpl$fsub          fz_ws.l(faddsub_clz.o)
    0x0800b926   0x00000064   Code   RO          751    x$fpl$retnan        fz_ws.l(retnan.o)
    0x0800b98a   0x0000005c   Code   RO          681    x$fpl$scalbn        fz_ws.l(scalbn.o)
    0x0800b9e6   0x00000030   Code   RO          764    x$fpl$trapveneer    fz_ws.l(trapv.o)
    0x0800ba16   0x00000000   Code   RO          618    x$fpl$usenofp       fz_ws.l(usenofp.o)
    0x0800ba16   0x00000002   PAD
    0x0800ba18   0x00000030   Data   RO          377    .constdata          clock.o
    0x0800ba48   0x000017c0   Data   RO          449    .constdata          lcd.o
    0x0800d208   0x00000028   Data   RO          503    .constdata          c_w.l(_printf_hex_int.o)
    0x0800d230   0x00000030   Data   RO          620    .constdata          m_ws.l(cos_i.o)
    0x0800d260   0x000000c8   Data   RO          638    .constdata          m_ws.l(rred.o)
    0x0800d328   0x00000028   Data   RO          642    .constdata          m_ws.l(sin_i.o)
    0x0800d350   0x00000020   Data   RO          827    Region$$Table       anon$$obj.o


    Execution Region RW_IRAM1 (Base: 0x20000000, Size: 0x000007e8, Max: 0x0000c000, ABSOLUTE)

    Base Addr    Size         Type   Attr      Idx    E Section Name        Object

    0x20000000   0x00000014   Data   RW          190    .data               system_stm32f10x.o
    0x20000014   0x00000014   Data   RW          298    .data               stm32f10x_rcc.o
    0x20000028   0x00000004   Data   RW          324    .data               delay.o
    0x2000002c   0x00000006   Data   RW          355    .data               usart.o
    0x20000032   0x00000003   Data   RW          378    .data               clock.o
    0x20000035   0x00000001   Data   RW          435    .data               key.o
    0x20000036   0x00000004   Data   RW          450    .data               lcd.o
    0x2000003a   0x00000002   PAD
    0x2000003c   0x00000054   Zero   RW            2    .bss                main.o
    0x20000090   0x000000c8   Zero   RW          354    .bss                usart.o
    0x20000158   0x0000001c   Zero   RW          417    .bss                base_1.o
    0x20000174   0x0000000e   Zero   RW          448    .bss                lcd.o
    0x20000182   0x00000002   PAD
    0x20000184   0x00000060   Zero   RW          688    .bss                c_w.l(libspace.o)
    0x200001e4   0x00000004   PAD
    0x200001e8   0x00000200   Zero   RW          219    HEAP                startup_stm32f10x_hd.o
    0x200003e8   0x00000400   Zero   RW          218    STACK               startup_stm32f10x_hd.o


==============================================================================

Image component sizes


      Code (inc. data)   RO Data    RW Data    ZI Data      Debug   Object Name

      3456         46          0          0         28      12124   base_1.o
      5860        156         48          3          0       3862   clock.o
         0          0          0          0          0         32   core_cm3.o
       212         18          0          4          0        971   delay.o
       360         14          0          0          0       1074   exti.o
       276         20          0          1          0        958   key.o
     22598        208       6080          4         14      24267   lcd.o
        70          0          0          0         84     256595   main.o
       220         22          0          0          0       1749   misc.o
        64         26        304          0       1536        776   startup_stm32f10x_hd.o
       284         10          0          0          0       2183   stm32f10x_exti.o
       860         38          0          0          0       5593   stm32f10x_gpio.o
        26          0          0          0          0       1154   stm32f10x_it.o
       932         36          0         20          0       8740   stm32f10x_rcc.o
      3610         88          0          0          0      22080   stm32f10x_tim.o
      1032         22          0          0          0       8320   stm32f10x_usart.o
       480         38          0         20          0       1659   system_stm32f10x.o
       180         14          0          0          0        752   timer.o
       320         16          0          6        200       3066   usart.o

    ----------------------------------------------------------------------
     40844        772       6464         60       1864     355955   Object Totals
         0          0         32          0          0          0   (incl. Generated)
         4          0          0          2          2          0   (incl. Padding)

    ----------------------------------------------------------------------

      Code (inc. data)   RO Data    RW Data    ZI Data      Debug   Library Member Name

         8          0          0          0          0         68   __main.o
       104          0          0          0          0         84   __printf.o
         0          0          0          0          0          0   __rtentry.o
        12          0          0          0          0          0   __rtentry2.o
         6          0          0          0          0          0   __rtentry4.o
        52          8          0          0          0          0   __scatter.o
        26          0          0          0          0          0   __scatter_copy.o
        28          0          0          0          0          0   __scatter_zi.o
        48          6          0          0          0         96   _printf_char_common.o
        36          4          0          0          0         80   _printf_char_file.o
        88          4         40          0          0         88   _printf_hex_int.o
       178          0          0          0          0         88   _printf_intcommon.o
         0          0          0          0          0          0   _printf_percent.o
         4          0          0          0          0          0   _printf_percent_end.o
         6          0          0          0          0          0   _printf_x.o
        22          0          0          0          0        100   _rserrno.o
        12          0          0          0          0         72   exit.o
         8          0          0          0          0         68   ferror.o
         6          0          0          0          0        152   heapauxi.o
         2          0          0          0          0          0   libinit.o
         2          0          0          0          0          0   libinit2.o
         2          0          0          0          0          0   libshutdown.o
         2          0          0          0          0          0   libshutdown2.o
         8          4          0          0         96         68   libspace.o
        24          4          0          0          0         84   noretval__2printf.o
         8          4          0          0          0         68   rt_errno_addr_intlibspace.o
       100          0          0          0          0         80   rt_memcpy_w.o
         2          0          0          0          0          0   rtexit.o
        10          0          0          0          0          0   rtexit2.o
        74          0          0          0          0         80   sys_stackheap_outer.o
         2          0          0          0          0         68   use_no_semi.o
         2          0          0          0          0         68   use_no_semi_2.o
       826         16          0          0          0        348   daddsub_clz.o
        16          4          0          0          0         68   dcheck1.o
       688        140          0          0          0        208   ddiv.o
        94          4          0          0          0         92   dfix.o
        90          4          0          0          0         92   dfixu.o
        84          0          0          0          0        136   dflt_clz.o
       340         12          0          0          0        104   dmul.o
       156          4          0          0          0         92   dnaninf.o
        12          0          0          0          0         68   dretinf.o
        86          4          0          0          0         84   f2d.o
       430          8          0          0          0        168   faddsub_clz.o
       388         76          0          0          0         96   fdiv.o
        38          0          0          0          0         68   fflt_clz.o
       140          4          0          0          0         84   fnaninf.o
        10          0          0          0          0         68   fretinf.o
       100          0          0          0          0         68   retnan.o
        92          0          0          0          0         68   scalbn.o
        48          0          0          0          0         68   trapv.o
         0          0          0          0          0          0   usenofp.o
       156          8          0          0          0        104   cos.o
       252         22         48          0          0        124   cos_i.o
        34          6          0          0          0        204   dunder.o
        40          0          0          0          0         68   fpclassify.o
       170          0          0          0          0         96   poly.o
       904         76        200          0          0        140   rred.o
       160         10          0          0          0        108   sin.o
       236         12         40          0          0        128   sin_i.o

    ----------------------------------------------------------------------
      6492        444        328          0        100       4364   Library Totals
        20          0          0          0          4          0   (incl. Padding)

    ----------------------------------------------------------------------

      Code (inc. data)   RO Data    RW Data    ZI Data      Debug   Library Name

       882         34         40          0         96       1412   c_w.l
      3638        276          0          0          0       1980   fz_ws.l
      1952        134        288          0          0        972   m_ws.l

    ----------------------------------------------------------------------
      6492        444        328          0        100       4364   Library Totals

    ----------------------------------------------------------------------

==============================================================================


      Code (inc. data)   RO Data    RW Data    ZI Data      Debug   

     47336       1216       6792         60       1964     356467   Grand Totals
     47336       1216       6792         60       1964     356467   ELF Image Totals
     47336       1216       6792         60          0          0   ROM Totals

==============================================================================

    Total RO  Size (Code + RO Data)                54128 (  52.86kB)
    Total RW  Size (RW Data + ZI Data)              2024 (   1.98kB)
    Total ROM Size (Code + RO Data + RW Data)      54188 (  52.92kB)

==============================================================================

